INPUT SHA-256: 0480e476fde75b9cdc540066ad1bcfc36f2f6375a04afbf848396f24bdc5b61d
Python: 3.12.14 (main, Aug 25 2026, 14:01:42) [MSC v.1944 64 bit (AMD64)]
platform: Windows-11-10.0.26300-SP0
numpy: 2.3.5
exact arithmetic: fractions.Fraction, custom Q(sqrt(5)), custom rational Sturm chain
external sources read: none
exposure: TARGET.md definitions and sextic/largest-root value; parent task boundary, Python path; no witness, proof, candidate files, project memory, other agent results
symmetric characteristic, ascending: [(-4)+(8/5)*sqrt(5), (-4)+(4/5)*sqrt(5), (0)+(-1)*sqrt(5), (1)+(0)*sqrt(5)]
antisymmetric characteristic, ascending: [(0)+(2/5)*sqrt(5), (0)+(1)*sqrt(5), (1)+(0)*sqrt(5)]
full five-dimensional characteristic, ascending: [(16/5)+(-8/5)*sqrt(5), (48/5)+(-28/5)*sqrt(5), (-2)+(-12/5)*sqrt(5), (-9)+(6/5)*sqrt(5), (0)+(0)*sqrt(5), (1)+(0)*sqrt(5)]
5*f_s*f_-s equals exposed p: True
exact eigenvector residuals: {'row a': 'f_s(t)', 'row b': '0', 'row c': '0'}
sqrt(5) rational enclosure: ['2236067977499789/1000000000000000', '223606797749979/100000000000000']
root interval: ['301571/100000', '75393/25000']
f_s(a) exact bounds: ['-5509269177500601139/1000000000000000000000000', '-55092691724186623349/10000000000000000000000000']
f_s(b) exact bounds: ['6896781791511383429/62500000000000000000000', '68967817918290078739/625000000000000000000000']
Sturm V(a),V(b),V(+infty): [1, 0, 0]
Sturm root counts: {'in interval': 1, 'above interval': 0}
Sturm sequence ascending: [['16', '96', '144', '0', '-65', '0', '5'], ['96', '288', '0', '-260', '0', '30'], ['-16', '-80', '-96', '0', '65/3'], ['-96', '-4032/13', '-1440/13', '1652/13'], ['295504/170569', '427320/24367', '4546704/170569'], ['748007493254/8972446729', '5128752100241/26917340187'], ['2635929706820049920/3147220941016804201']]
independently computed root (Decimal): 3.01571047552267328552398380196104328171403898515229484763032473159262435836466072450730232
state coefficients (Decimal): ['0.536838798881922356769376628213266834333329572938613051489042512913781249162252838074406003', '0.385922001272190777593994655744654495766091395755465381468362011262865599969462313550403549', '0.354593606679765446635394816307667651724759355046118078110911688138111329313443690001705287', '0.385922001272190777593994655744654495766091395755465381468362011262865599969462313550403549', '0.536838798881922356769376628213266834333329572938613051489042512913781249162252838074406003']
