[limited-build] ticket22 acquired slot1: /workspace/scratch/e6e0818fcb8f/ising_recovery_runtime_20261003T1833Z/lean-4.34.1-linux/bin/lake env lean CGLMP5/SourceDecimalSoundness.lean
CGLMP5/SourceDecimalSoundness.lean:71:38: warning: This simp argument is unused:
  Option.bind_some

Hint: Omit it from the simp argument list.
  [apply] simp only [hc, Option.map_some] at h

Note: This linter can be disabled with `set_option linter.unusedSimpArgs false`
CGLMP5/SourceDecimalSoundness.lean:126:10: error: Tactic `rewrite` failed: Did not find an occurrence of the pattern
  decimalNatChars (List.flatMap String.toList d.chunks)
in the target expression
  (match "-".toList ++ (String.join d.chunks).toList with
    | '-' :: cs =>
      Option.map (fun n => -n) do
        let a ← decimalNatChars cs
        pure ↑a
    | cs =>
      Option.map (fun n => n) do
        let a ← decimalNatChars cs
        pure ↑a) =
    some (-↑n)

case some.true
d : DecimalChunks
n : ℕ
hn : d.natural = some n
hb : d.negative = true
h :
  (Option.map (fun n => if d.negative = true then -n else n) do
      let a ← d.natural
      pure ↑a) =
    some (-↑n)
hp : decimalNatChars (List.flatMap String.toList d.chunks) = some n
⊢ (match "-".toList ++ (String.join d.chunks).toList with
    | '-' :: cs =>
      Option.map (fun n => -n) do
        let a ← decimalNatChars cs
        pure ↑a
    | cs =>
      Option.map (fun n => n) do
        let a ← decimalNatChars cs
        pure ↑a) =
    some (-↑n)
