[limited-build] acquired slot0: /workspace/scratch/e6e0818fcb8f/ising_recovery_runtime_20261003T1833Z/lean-4.34.1-linux/bin/lake env lean /tmp/cglmp-source-mutation-vk44ur5b/Root.lean
/tmp/cglmp-source-mutation-vk44ur5b/Root.lean:60:30: error: Type mismatch
  (Classical.choose_spec exists_mu).left
has type
  3 < Classical.choose exists_mu
but is expected to have type
  3 < mu
/tmp/cglmp-source-mutation-vk44ur5b/Root.lean:61:38: error: Type mismatch
  (Classical.choose_spec exists_mu).right.left
has type
  Classical.choose exists_mu < 31 / 10
but is expected to have type
  mu < 31 / 10
/tmp/cglmp-source-mutation-vk44ur5b/Root.lean:62:35: error: Type mismatch
  (Classical.choose_spec exists_mu).right.right
has type
  sextic (Classical.choose exists_mu) = 0
but is expected to have type
  sextic mu = 0
/tmp/cglmp-source-mutation-vk44ur5b/Root.lean:148:63: warning: Used `tac1 <;> tac2` where `(tac1; tac2)` would suffice

Note: This linter can be disabled with `set_option linter.unnecessarySeqFocus false`
/tmp/cglmp-source-mutation-vk44ur5b/Root.lean:148:77: warning: Used `tac1 <;> tac2` where `(tac1; tac2)` would suffice

Note: This linter can be disabled with `set_option linter.unnecessarySeqFocus false`
/tmp/cglmp-source-mutation-vk44ur5b/Root.lean:148:89: warning: Used `tac1 <;> tac2` where `(tac1; tac2)` would suffice

Note: This linter can be disabled with `set_option linter.unnecessarySeqFocus false`
