⚠ [853/855] Replayed CGLMP5.SOSPhaseLinear00
warning: CGLMP5/SOSPhaseLinear00.lean:14:15: Unused tactic linter: `ring` does nothing

Note: This linter can be disabled with `set_option linter.unusedTactic false`
warning: CGLMP5/SOSPhaseLinear00.lean:14:15: this tactic is never executed

Note: This linter can be disabled with `set_option linter.unreachableTactic false`
warning: CGLMP5/SOSPhaseLinear00.lean:20:15: Unused tactic linter: `ring` does nothing

Note: This linter can be disabled with `set_option linter.unusedTactic false`
warning: CGLMP5/SOSPhaseLinear00.lean:20:15: this tactic is never executed

Note: This linter can be disabled with `set_option linter.unreachableTactic false`
warning: CGLMP5/SOSPhaseLinear00.lean:26:15: Unused tactic linter: `ring` does nothing

Note: This linter can be disabled with `set_option linter.unusedTactic false`
warning: CGLMP5/SOSPhaseLinear00.lean:26:15: this tactic is never executed

Note: This linter can be disabled with `set_option linter.unreachableTactic false`
warning: CGLMP5/SOSPhaseLinear00.lean:32:15: Unused tactic linter: `ring` does nothing

Note: This linter can be disabled with `set_option linter.unusedTactic false`
warning: CGLMP5/SOSPhaseLinear00.lean:32:15: this tactic is never executed

Note: This linter can be disabled with `set_option linter.unreachableTactic false`
warning: CGLMP5/SOSPhaseLinear00.lean:38:15: Unused tactic linter: `ring` does nothing

Note: This linter can be disabled with `set_option linter.unusedTactic false`
warning: CGLMP5/SOSPhaseLinear00.lean:38:15: this tactic is never executed

Note: This linter can be disabled with `set_option linter.unreachableTactic false`
warning: CGLMP5/SOSPhaseLinear00.lean:44:15: Unused tactic linter: `ring` does nothing

Note: This linter can be disabled with `set_option linter.unusedTactic false`
warning: CGLMP5/SOSPhaseLinear00.lean:44:15: this tactic is never executed

Note: This linter can be disabled with `set_option linter.unreachableTactic false`
warning: CGLMP5/SOSPhaseLinear00.lean:50:15: Unused tactic linter: `ring` does nothing

Note: This linter can be disabled with `set_option linter.unusedTactic false`
warning: CGLMP5/SOSPhaseLinear00.lean:50:15: this tactic is never executed

Note: This linter can be disabled with `set_option linter.unreachableTactic false`
warning: CGLMP5/SOSPhaseLinear00.lean:56:15: Unused tactic linter: `ring` does nothing

Note: This linter can be disabled with `set_option linter.unusedTactic false`
warning: CGLMP5/SOSPhaseLinear00.lean:56:15: this tactic is never executed

Note: This linter can be disabled with `set_option linter.unreachableTactic false`
warning: CGLMP5/SOSPhaseLinear00.lean:62:15: Unused tactic linter: `ring` does nothing

Note: This linter can be disabled with `set_option linter.unusedTactic false`
warning: CGLMP5/SOSPhaseLinear00.lean:62:15: this tactic is never executed

Note: This linter can be disabled with `set_option linter.unreachableTactic false`
warning: CGLMP5/SOSPhaseLinear00.lean:68:15: Unused tactic linter: `ring` does nothing

Note: This linter can be disabled with `set_option linter.unusedTactic false`
warning: CGLMP5/SOSPhaseLinear00.lean:68:15: this tactic is never executed

Note: This linter can be disabled with `set_option linter.unreachableTactic false`
warning: CGLMP5/SOSPhaseLinear00.lean:74:15: Unused tactic linter: `ring` does nothing

Note: This linter can be disabled with `set_option linter.unusedTactic false`
warning: CGLMP5/SOSPhaseLinear00.lean:74:15: this tactic is never executed

Note: This linter can be disabled with `set_option linter.unreachableTactic false`
warning: CGLMP5/SOSPhaseLinear00.lean:80:15: Unused tactic linter: `ring` does nothing

Note: This linter can be disabled with `set_option linter.unusedTactic false`
warning: CGLMP5/SOSPhaseLinear00.lean:80:15: this tactic is never executed

Note: This linter can be disabled with `set_option linter.unreachableTactic false`
warning: CGLMP5/SOSPhaseLinear00.lean:86:15: Unused tactic linter: `ring` does nothing

Note: This linter can be disabled with `set_option linter.unusedTactic false`
warning: CGLMP5/SOSPhaseLinear00.lean:86:15: this tactic is never executed

Note: This linter can be disabled with `set_option linter.unreachableTactic false`
warning: CGLMP5/SOSPhaseLinear00.lean:92:15: Unused tactic linter: `ring` does nothing

Note: This linter can be disabled with `set_option linter.unusedTactic false`
warning: CGLMP5/SOSPhaseLinear00.lean:92:15: this tactic is never executed

Note: This linter can be disabled with `set_option linter.unreachableTactic false`
warning: CGLMP5/SOSPhaseLinear00.lean:98:15: Unused tactic linter: `ring` does nothing

Note: This linter can be disabled with `set_option linter.unusedTactic false`
warning: CGLMP5/SOSPhaseLinear00.lean:98:15: this tactic is never executed

Note: This linter can be disabled with `set_option linter.unreachableTactic false`
warning: CGLMP5/SOSPhaseLinear00.lean:104:15: Unused tactic linter: `ring` does nothing

Note: This linter can be disabled with `set_option linter.unusedTactic false`
warning: CGLMP5/SOSPhaseLinear00.lean:104:15: this tactic is never executed

Note: This linter can be disabled with `set_option linter.unreachableTactic false`
warning: CGLMP5/SOSPhaseLinear00.lean:110:15: Unused tactic linter: `ring` does nothing

Note: This linter can be disabled with `set_option linter.unusedTactic false`
warning: CGLMP5/SOSPhaseLinear00.lean:110:15: this tactic is never executed

Note: This linter can be disabled with `set_option linter.unreachableTactic false`
warning: CGLMP5/SOSPhaseLinear00.lean:116:15: Unused tactic linter: `ring` does nothing

Note: This linter can be disabled with `set_option linter.unusedTactic false`
warning: CGLMP5/SOSPhaseLinear00.lean:116:15: this tactic is never executed

Note: This linter can be disabled with `set_option linter.unreachableTactic false`
warning: CGLMP5/SOSPhaseLinear00.lean:122:15: Unused tactic linter: `ring` does nothing

Note: This linter can be disabled with `set_option linter.unusedTactic false`
warning: CGLMP5/SOSPhaseLinear00.lean:122:15: this tactic is never executed

Note: This linter can be disabled with `set_option linter.unreachableTactic false`
warning: CGLMP5/SOSPhaseLinear00.lean:128:15: Unused tactic linter: `ring` does nothing

Note: This linter can be disabled with `set_option linter.unusedTactic false`
warning: CGLMP5/SOSPhaseLinear00.lean:128:15: this tactic is never executed

Note: This linter can be disabled with `set_option linter.unreachableTactic false`
warning: CGLMP5/SOSPhaseLinear00.lean:134:15: Unused tactic linter: `ring` does nothing

Note: This linter can be disabled with `set_option linter.unusedTactic false`
warning: CGLMP5/SOSPhaseLinear00.lean:134:15: this tactic is never executed

Note: This linter can be disabled with `set_option linter.unreachableTactic false`
warning: CGLMP5/SOSPhaseLinear00.lean:140:15: Unused tactic linter: `ring` does nothing

Note: This linter can be disabled with `set_option linter.unusedTactic false`
warning: CGLMP5/SOSPhaseLinear00.lean:140:15: this tactic is never executed

Note: This linter can be disabled with `set_option linter.unreachableTactic false`
warning: CGLMP5/SOSPhaseLinear00.lean:146:15: Unused tactic linter: `ring` does nothing

Note: This linter can be disabled with `set_option linter.unusedTactic false`
warning: CGLMP5/SOSPhaseLinear00.lean:146:15: this tactic is never executed

Note: This linter can be disabled with `set_option linter.unreachableTactic false`
warning: CGLMP5/SOSPhaseLinear00.lean:152:15: Unused tactic linter: `ring` does nothing

Note: This linter can be disabled with `set_option linter.unusedTactic false`
warning: CGLMP5/SOSPhaseLinear00.lean:152:15: this tactic is never executed

Note: This linter can be disabled with `set_option linter.unreachableTactic false`
⚠ [854/855] Replayed CGLMP5.SOSPhaseLinear10
warning: CGLMP5/SOSPhaseLinear10.lean:14:15: Unused tactic linter: `ring` does nothing

Note: This linter can be disabled with `set_option linter.unusedTactic false`
warning: CGLMP5/SOSPhaseLinear10.lean:14:15: this tactic is never executed

Note: This linter can be disabled with `set_option linter.unreachableTactic false`
warning: CGLMP5/SOSPhaseLinear10.lean:20:15: Unused tactic linter: `ring` does nothing

Note: This linter can be disabled with `set_option linter.unusedTactic false`
warning: CGLMP5/SOSPhaseLinear10.lean:20:15: this tactic is never executed

Note: This linter can be disabled with `set_option linter.unreachableTactic false`
warning: CGLMP5/SOSPhaseLinear10.lean:26:15: Unused tactic linter: `ring` does nothing

Note: This linter can be disabled with `set_option linter.unusedTactic false`
warning: CGLMP5/SOSPhaseLinear10.lean:26:15: this tactic is never executed

Note: This linter can be disabled with `set_option linter.unreachableTactic false`
warning: CGLMP5/SOSPhaseLinear10.lean:32:15: Unused tactic linter: `ring` does nothing

Note: This linter can be disabled with `set_option linter.unusedTactic false`
warning: CGLMP5/SOSPhaseLinear10.lean:32:15: this tactic is never executed

Note: This linter can be disabled with `set_option linter.unreachableTactic false`
warning: CGLMP5/SOSPhaseLinear10.lean:38:15: Unused tactic linter: `ring` does nothing

Note: This linter can be disabled with `set_option linter.unusedTactic false`
warning: CGLMP5/SOSPhaseLinear10.lean:38:15: this tactic is never executed

Note: This linter can be disabled with `set_option linter.unreachableTactic false`
warning: CGLMP5/SOSPhaseLinear10.lean:44:15: Unused tactic linter: `ring` does nothing

Note: This linter can be disabled with `set_option linter.unusedTactic false`
warning: CGLMP5/SOSPhaseLinear10.lean:44:15: this tactic is never executed

Note: This linter can be disabled with `set_option linter.unreachableTactic false`
warning: CGLMP5/SOSPhaseLinear10.lean:50:15: Unused tactic linter: `ring` does nothing

Note: This linter can be disabled with `set_option linter.unusedTactic false`
warning: CGLMP5/SOSPhaseLinear10.lean:50:15: this tactic is never executed

Note: This linter can be disabled with `set_option linter.unreachableTactic false`
warning: CGLMP5/SOSPhaseLinear10.lean:56:15: Unused tactic linter: `ring` does nothing

Note: This linter can be disabled with `set_option linter.unusedTactic false`
warning: CGLMP5/SOSPhaseLinear10.lean:56:15: this tactic is never executed

Note: This linter can be disabled with `set_option linter.unreachableTactic false`
warning: CGLMP5/SOSPhaseLinear10.lean:62:15: Unused tactic linter: `ring` does nothing

Note: This linter can be disabled with `set_option linter.unusedTactic false`
warning: CGLMP5/SOSPhaseLinear10.lean:62:15: this tactic is never executed

Note: This linter can be disabled with `set_option linter.unreachableTactic false`
warning: CGLMP5/SOSPhaseLinear10.lean:68:15: Unused tactic linter: `ring` does nothing

Note: This linter can be disabled with `set_option linter.unusedTactic false`
warning: CGLMP5/SOSPhaseLinear10.lean:68:15: this tactic is never executed

Note: This linter can be disabled with `set_option linter.unreachableTactic false`
warning: CGLMP5/SOSPhaseLinear10.lean:74:15: Unused tactic linter: `ring` does nothing

Note: This linter can be disabled with `set_option linter.unusedTactic false`
warning: CGLMP5/SOSPhaseLinear10.lean:74:15: this tactic is never executed

Note: This linter can be disabled with `set_option linter.unreachableTactic false`
warning: CGLMP5/SOSPhaseLinear10.lean:80:15: Unused tactic linter: `ring` does nothing

Note: This linter can be disabled with `set_option linter.unusedTactic false`
warning: CGLMP5/SOSPhaseLinear10.lean:80:15: this tactic is never executed

Note: This linter can be disabled with `set_option linter.unreachableTactic false`
warning: CGLMP5/SOSPhaseLinear10.lean:86:15: Unused tactic linter: `ring` does nothing

Note: This linter can be disabled with `set_option linter.unusedTactic false`
warning: CGLMP5/SOSPhaseLinear10.lean:86:15: this tactic is never executed

Note: This linter can be disabled with `set_option linter.unreachableTactic false`
warning: CGLMP5/SOSPhaseLinear10.lean:92:15: Unused tactic linter: `ring` does nothing

Note: This linter can be disabled with `set_option linter.unusedTactic false`
warning: CGLMP5/SOSPhaseLinear10.lean:92:15: this tactic is never executed

Note: This linter can be disabled with `set_option linter.unreachableTactic false`
warning: CGLMP5/SOSPhaseLinear10.lean:98:15: Unused tactic linter: `ring` does nothing

Note: This linter can be disabled with `set_option linter.unusedTactic false`
warning: CGLMP5/SOSPhaseLinear10.lean:98:15: this tactic is never executed

Note: This linter can be disabled with `set_option linter.unreachableTactic false`
warning: CGLMP5/SOSPhaseLinear10.lean:104:15: Unused tactic linter: `ring` does nothing

Note: This linter can be disabled with `set_option linter.unusedTactic false`
warning: CGLMP5/SOSPhaseLinear10.lean:104:15: this tactic is never executed

Note: This linter can be disabled with `set_option linter.unreachableTactic false`
warning: CGLMP5/SOSPhaseLinear10.lean:110:15: Unused tactic linter: `ring` does nothing

Note: This linter can be disabled with `set_option linter.unusedTactic false`
warning: CGLMP5/SOSPhaseLinear10.lean:110:15: this tactic is never executed

Note: This linter can be disabled with `set_option linter.unreachableTactic false`
warning: CGLMP5/SOSPhaseLinear10.lean:116:15: Unused tactic linter: `ring` does nothing

Note: This linter can be disabled with `set_option linter.unusedTactic false`
warning: CGLMP5/SOSPhaseLinear10.lean:116:15: this tactic is never executed

Note: This linter can be disabled with `set_option linter.unreachableTactic false`
warning: CGLMP5/SOSPhaseLinear10.lean:122:15: Unused tactic linter: `ring` does nothing

Note: This linter can be disabled with `set_option linter.unusedTactic false`
warning: CGLMP5/SOSPhaseLinear10.lean:122:15: this tactic is never executed

Note: This linter can be disabled with `set_option linter.unreachableTactic false`
warning: CGLMP5/SOSPhaseLinear10.lean:128:15: Unused tactic linter: `ring` does nothing

Note: This linter can be disabled with `set_option linter.unusedTactic false`
warning: CGLMP5/SOSPhaseLinear10.lean:128:15: this tactic is never executed

Note: This linter can be disabled with `set_option linter.unreachableTactic false`
warning: CGLMP5/SOSPhaseLinear10.lean:134:15: Unused tactic linter: `ring` does nothing

Note: This linter can be disabled with `set_option linter.unusedTactic false`
warning: CGLMP5/SOSPhaseLinear10.lean:134:15: this tactic is never executed

Note: This linter can be disabled with `set_option linter.unreachableTactic false`
warning: CGLMP5/SOSPhaseLinear10.lean:140:15: Unused tactic linter: `ring` does nothing

Note: This linter can be disabled with `set_option linter.unusedTactic false`
warning: CGLMP5/SOSPhaseLinear10.lean:140:15: this tactic is never executed

Note: This linter can be disabled with `set_option linter.unreachableTactic false`
warning: CGLMP5/SOSPhaseLinear10.lean:146:15: Unused tactic linter: `ring` does nothing

Note: This linter can be disabled with `set_option linter.unusedTactic false`
warning: CGLMP5/SOSPhaseLinear10.lean:146:15: this tactic is never executed

Note: This linter can be disabled with `set_option linter.unreachableTactic false`
warning: CGLMP5/SOSPhaseLinear10.lean:152:15: Unused tactic linter: `ring` does nothing

Note: This linter can be disabled with `set_option linter.unusedTactic false`
warning: CGLMP5/SOSPhaseLinear10.lean:152:15: this tactic is never executed

Note: This linter can be disabled with `set_option linter.unreachableTactic false`
✖ [855/855] Building CGLMP5.SOSIntegerResidual256
error: target is out-of-date and needs to be rebuilt
Some required targets logged failures:
- CGLMP5.SOSIntegerResidual256
