⚠ [853/860] Replayed CGLMP5.SOSPhaseLinear00
warning: CGLMP5/SOSPhaseLinear00.lean:14:15: Unused tactic linter: `ring` does nothing

Note: This linter can be disabled with `set_option linter.unusedTactic false`
warning: CGLMP5/SOSPhaseLinear00.lean:14:15: this tactic is never executed

Note: This linter can be disabled with `set_option linter.unreachableTactic false`
warning: CGLMP5/SOSPhaseLinear00.lean:20:15: Unused tactic linter: `ring` does nothing

Note: This linter can be disabled with `set_option linter.unusedTactic false`
warning: CGLMP5/SOSPhaseLinear00.lean:20:15: this tactic is never executed

Note: This linter can be disabled with `set_option linter.unreachableTactic false`
warning: CGLMP5/SOSPhaseLinear00.lean:26:15: Unused tactic linter: `ring` does nothing

Note: This linter can be disabled with `set_option linter.unusedTactic false`
warning: CGLMP5/SOSPhaseLinear00.lean:26:15: this tactic is never executed

Note: This linter can be disabled with `set_option linter.unreachableTactic false`
warning: CGLMP5/SOSPhaseLinear00.lean:32:15: Unused tactic linter: `ring` does nothing

Note: This linter can be disabled with `set_option linter.unusedTactic false`
warning: CGLMP5/SOSPhaseLinear00.lean:32:15: this tactic is never executed

Note: This linter can be disabled with `set_option linter.unreachableTactic false`
warning: CGLMP5/SOSPhaseLinear00.lean:38:15: Unused tactic linter: `ring` does nothing

Note: This linter can be disabled with `set_option linter.unusedTactic false`
warning: CGLMP5/SOSPhaseLinear00.lean:38:15: this tactic is never executed

Note: This linter can be disabled with `set_option linter.unreachableTactic false`
warning: CGLMP5/SOSPhaseLinear00.lean:44:15: Unused tactic linter: `ring` does nothing

Note: This linter can be disabled with `set_option linter.unusedTactic false`
warning: CGLMP5/SOSPhaseLinear00.lean:44:15: this tactic is never executed

Note: This linter can be disabled with `set_option linter.unreachableTactic false`
warning: CGLMP5/SOSPhaseLinear00.lean:50:15: Unused tactic linter: `ring` does nothing

Note: This linter can be disabled with `set_option linter.unusedTactic false`
warning: CGLMP5/SOSPhaseLinear00.lean:50:15: this tactic is never executed

Note: This linter can be disabled with `set_option linter.unreachableTactic false`
warning: CGLMP5/SOSPhaseLinear00.lean:56:15: Unused tactic linter: `ring` does nothing

Note: This linter can be disabled with `set_option linter.unusedTactic false`
warning: CGLMP5/SOSPhaseLinear00.lean:56:15: this tactic is never executed

Note: This linter can be disabled with `set_option linter.unreachableTactic false`
warning: CGLMP5/SOSPhaseLinear00.lean:62:15: Unused tactic linter: `ring` does nothing

Note: This linter can be disabled with `set_option linter.unusedTactic false`
warning: CGLMP5/SOSPhaseLinear00.lean:62:15: this tactic is never executed

Note: This linter can be disabled with `set_option linter.unreachableTactic false`
warning: CGLMP5/SOSPhaseLinear00.lean:68:15: Unused tactic linter: `ring` does nothing

Note: This linter can be disabled with `set_option linter.unusedTactic false`
warning: CGLMP5/SOSPhaseLinear00.lean:68:15: this tactic is never executed

Note: This linter can be disabled with `set_option linter.unreachableTactic false`
warning: CGLMP5/SOSPhaseLinear00.lean:74:15: Unused tactic linter: `ring` does nothing

Note: This linter can be disabled with `set_option linter.unusedTactic false`
warning: CGLMP5/SOSPhaseLinear00.lean:74:15: this tactic is never executed

Note: This linter can be disabled with `set_option linter.unreachableTactic false`
warning: CGLMP5/SOSPhaseLinear00.lean:80:15: Unused tactic linter: `ring` does nothing

Note: This linter can be disabled with `set_option linter.unusedTactic false`
warning: CGLMP5/SOSPhaseLinear00.lean:80:15: this tactic is never executed

Note: This linter can be disabled with `set_option linter.unreachableTactic false`
warning: CGLMP5/SOSPhaseLinear00.lean:86:15: Unused tactic linter: `ring` does nothing

Note: This linter can be disabled with `set_option linter.unusedTactic false`
warning: CGLMP5/SOSPhaseLinear00.lean:86:15: this tactic is never executed

Note: This linter can be disabled with `set_option linter.unreachableTactic false`
warning: CGLMP5/SOSPhaseLinear00.lean:92:15: Unused tactic linter: `ring` does nothing

Note: This linter can be disabled with `set_option linter.unusedTactic false`
warning: CGLMP5/SOSPhaseLinear00.lean:92:15: this tactic is never executed

Note: This linter can be disabled with `set_option linter.unreachableTactic false`
warning: CGLMP5/SOSPhaseLinear00.lean:98:15: Unused tactic linter: `ring` does nothing

Note: This linter can be disabled with `set_option linter.unusedTactic false`
warning: CGLMP5/SOSPhaseLinear00.lean:98:15: this tactic is never executed

Note: This linter can be disabled with `set_option linter.unreachableTactic false`
warning: CGLMP5/SOSPhaseLinear00.lean:104:15: Unused tactic linter: `ring` does nothing

Note: This linter can be disabled with `set_option linter.unusedTactic false`
warning: CGLMP5/SOSPhaseLinear00.lean:104:15: this tactic is never executed

Note: This linter can be disabled with `set_option linter.unreachableTactic false`
warning: CGLMP5/SOSPhaseLinear00.lean:110:15: Unused tactic linter: `ring` does nothing

Note: This linter can be disabled with `set_option linter.unusedTactic false`
warning: CGLMP5/SOSPhaseLinear00.lean:110:15: this tactic is never executed

Note: This linter can be disabled with `set_option linter.unreachableTactic false`
warning: CGLMP5/SOSPhaseLinear00.lean:116:15: Unused tactic linter: `ring` does nothing

Note: This linter can be disabled with `set_option linter.unusedTactic false`
warning: CGLMP5/SOSPhaseLinear00.lean:116:15: this tactic is never executed

Note: This linter can be disabled with `set_option linter.unreachableTactic false`
warning: CGLMP5/SOSPhaseLinear00.lean:122:15: Unused tactic linter: `ring` does nothing

Note: This linter can be disabled with `set_option linter.unusedTactic false`
warning: CGLMP5/SOSPhaseLinear00.lean:122:15: this tactic is never executed

Note: This linter can be disabled with `set_option linter.unreachableTactic false`
warning: CGLMP5/SOSPhaseLinear00.lean:128:15: Unused tactic linter: `ring` does nothing

Note: This linter can be disabled with `set_option linter.unusedTactic false`
warning: CGLMP5/SOSPhaseLinear00.lean:128:15: this tactic is never executed

Note: This linter can be disabled with `set_option linter.unreachableTactic false`
warning: CGLMP5/SOSPhaseLinear00.lean:134:15: Unused tactic linter: `ring` does nothing

Note: This linter can be disabled with `set_option linter.unusedTactic false`
warning: CGLMP5/SOSPhaseLinear00.lean:134:15: this tactic is never executed

Note: This linter can be disabled with `set_option linter.unreachableTactic false`
warning: CGLMP5/SOSPhaseLinear00.lean:140:15: Unused tactic linter: `ring` does nothing

Note: This linter can be disabled with `set_option linter.unusedTactic false`
warning: CGLMP5/SOSPhaseLinear00.lean:140:15: this tactic is never executed

Note: This linter can be disabled with `set_option linter.unreachableTactic false`
warning: CGLMP5/SOSPhaseLinear00.lean:146:15: Unused tactic linter: `ring` does nothing

Note: This linter can be disabled with `set_option linter.unusedTactic false`
warning: CGLMP5/SOSPhaseLinear00.lean:146:15: this tactic is never executed

Note: This linter can be disabled with `set_option linter.unreachableTactic false`
warning: CGLMP5/SOSPhaseLinear00.lean:152:15: Unused tactic linter: `ring` does nothing

Note: This linter can be disabled with `set_option linter.unusedTactic false`
warning: CGLMP5/SOSPhaseLinear00.lean:152:15: this tactic is never executed

Note: This linter can be disabled with `set_option linter.unreachableTactic false`
⚠ [854/860] Replayed CGLMP5.SOSPhaseLinear01
warning: CGLMP5/SOSPhaseLinear01.lean:14:11: Used `tac1 <;> tac2` where `(tac1; tac2)` would suffice

Note: This linter can be disabled with `set_option linter.unnecessarySeqFocus false`
warning: CGLMP5/SOSPhaseLinear01.lean:20:11: Used `tac1 <;> tac2` where `(tac1; tac2)` would suffice

Note: This linter can be disabled with `set_option linter.unnecessarySeqFocus false`
warning: CGLMP5/SOSPhaseLinear01.lean:26:11: Used `tac1 <;> tac2` where `(tac1; tac2)` would suffice

Note: This linter can be disabled with `set_option linter.unnecessarySeqFocus false`
warning: CGLMP5/SOSPhaseLinear01.lean:32:11: Used `tac1 <;> tac2` where `(tac1; tac2)` would suffice

Note: This linter can be disabled with `set_option linter.unnecessarySeqFocus false`
warning: CGLMP5/SOSPhaseLinear01.lean:38:11: Used `tac1 <;> tac2` where `(tac1; tac2)` would suffice

Note: This linter can be disabled with `set_option linter.unnecessarySeqFocus false`
warning: CGLMP5/SOSPhaseLinear01.lean:44:11: Used `tac1 <;> tac2` where `(tac1; tac2)` would suffice

Note: This linter can be disabled with `set_option linter.unnecessarySeqFocus false`
warning: CGLMP5/SOSPhaseLinear01.lean:50:11: Used `tac1 <;> tac2` where `(tac1; tac2)` would suffice

Note: This linter can be disabled with `set_option linter.unnecessarySeqFocus false`
warning: CGLMP5/SOSPhaseLinear01.lean:56:11: Used `tac1 <;> tac2` where `(tac1; tac2)` would suffice

Note: This linter can be disabled with `set_option linter.unnecessarySeqFocus false`
warning: CGLMP5/SOSPhaseLinear01.lean:62:11: Used `tac1 <;> tac2` where `(tac1; tac2)` would suffice

Note: This linter can be disabled with `set_option linter.unnecessarySeqFocus false`
warning: CGLMP5/SOSPhaseLinear01.lean:68:11: Used `tac1 <;> tac2` where `(tac1; tac2)` would suffice

Note: This linter can be disabled with `set_option linter.unnecessarySeqFocus false`
warning: CGLMP5/SOSPhaseLinear01.lean:74:11: Used `tac1 <;> tac2` where `(tac1; tac2)` would suffice

Note: This linter can be disabled with `set_option linter.unnecessarySeqFocus false`
warning: CGLMP5/SOSPhaseLinear01.lean:80:11: Used `tac1 <;> tac2` where `(tac1; tac2)` would suffice

Note: This linter can be disabled with `set_option linter.unnecessarySeqFocus false`
warning: CGLMP5/SOSPhaseLinear01.lean:86:11: Used `tac1 <;> tac2` where `(tac1; tac2)` would suffice

Note: This linter can be disabled with `set_option linter.unnecessarySeqFocus false`
warning: CGLMP5/SOSPhaseLinear01.lean:92:11: Used `tac1 <;> tac2` where `(tac1; tac2)` would suffice

Note: This linter can be disabled with `set_option linter.unnecessarySeqFocus false`
warning: CGLMP5/SOSPhaseLinear01.lean:98:11: Used `tac1 <;> tac2` where `(tac1; tac2)` would suffice

Note: This linter can be disabled with `set_option linter.unnecessarySeqFocus false`
warning: CGLMP5/SOSPhaseLinear01.lean:104:11: Used `tac1 <;> tac2` where `(tac1; tac2)` would suffice

Note: This linter can be disabled with `set_option linter.unnecessarySeqFocus false`
warning: CGLMP5/SOSPhaseLinear01.lean:110:11: Used `tac1 <;> tac2` where `(tac1; tac2)` would suffice

Note: This linter can be disabled with `set_option linter.unnecessarySeqFocus false`
warning: CGLMP5/SOSPhaseLinear01.lean:116:11: Used `tac1 <;> tac2` where `(tac1; tac2)` would suffice

Note: This linter can be disabled with `set_option linter.unnecessarySeqFocus false`
warning: CGLMP5/SOSPhaseLinear01.lean:122:11: Used `tac1 <;> tac2` where `(tac1; tac2)` would suffice

Note: This linter can be disabled with `set_option linter.unnecessarySeqFocus false`
warning: CGLMP5/SOSPhaseLinear01.lean:128:11: Used `tac1 <;> tac2` where `(tac1; tac2)` would suffice

Note: This linter can be disabled with `set_option linter.unnecessarySeqFocus false`
warning: CGLMP5/SOSPhaseLinear01.lean:134:11: Used `tac1 <;> tac2` where `(tac1; tac2)` would suffice

Note: This linter can be disabled with `set_option linter.unnecessarySeqFocus false`
warning: CGLMP5/SOSPhaseLinear01.lean:140:11: Used `tac1 <;> tac2` where `(tac1; tac2)` would suffice

Note: This linter can be disabled with `set_option linter.unnecessarySeqFocus false`
warning: CGLMP5/SOSPhaseLinear01.lean:146:11: Used `tac1 <;> tac2` where `(tac1; tac2)` would suffice

Note: This linter can be disabled with `set_option linter.unnecessarySeqFocus false`
warning: CGLMP5/SOSPhaseLinear01.lean:152:11: Used `tac1 <;> tac2` where `(tac1; tac2)` would suffice

Note: This linter can be disabled with `set_option linter.unnecessarySeqFocus false`
⚠ [855/860] Replayed CGLMP5.SOSPhaseLinear04
warning: CGLMP5/SOSPhaseLinear04.lean:14:11: Used `tac1 <;> tac2` where `(tac1; tac2)` would suffice

Note: This linter can be disabled with `set_option linter.unnecessarySeqFocus false`
warning: CGLMP5/SOSPhaseLinear04.lean:20:11: Used `tac1 <;> tac2` where `(tac1; tac2)` would suffice

Note: This linter can be disabled with `set_option linter.unnecessarySeqFocus false`
warning: CGLMP5/SOSPhaseLinear04.lean:26:11: Used `tac1 <;> tac2` where `(tac1; tac2)` would suffice

Note: This linter can be disabled with `set_option linter.unnecessarySeqFocus false`
warning: CGLMP5/SOSPhaseLinear04.lean:32:11: Used `tac1 <;> tac2` where `(tac1; tac2)` would suffice

Note: This linter can be disabled with `set_option linter.unnecessarySeqFocus false`
warning: CGLMP5/SOSPhaseLinear04.lean:38:11: Used `tac1 <;> tac2` where `(tac1; tac2)` would suffice

Note: This linter can be disabled with `set_option linter.unnecessarySeqFocus false`
warning: CGLMP5/SOSPhaseLinear04.lean:44:11: Used `tac1 <;> tac2` where `(tac1; tac2)` would suffice

Note: This linter can be disabled with `set_option linter.unnecessarySeqFocus false`
warning: CGLMP5/SOSPhaseLinear04.lean:50:11: Used `tac1 <;> tac2` where `(tac1; tac2)` would suffice

Note: This linter can be disabled with `set_option linter.unnecessarySeqFocus false`
warning: CGLMP5/SOSPhaseLinear04.lean:56:11: Used `tac1 <;> tac2` where `(tac1; tac2)` would suffice

Note: This linter can be disabled with `set_option linter.unnecessarySeqFocus false`
warning: CGLMP5/SOSPhaseLinear04.lean:62:11: Used `tac1 <;> tac2` where `(tac1; tac2)` would suffice

Note: This linter can be disabled with `set_option linter.unnecessarySeqFocus false`
warning: CGLMP5/SOSPhaseLinear04.lean:68:11: Used `tac1 <;> tac2` where `(tac1; tac2)` would suffice

Note: This linter can be disabled with `set_option linter.unnecessarySeqFocus false`
warning: CGLMP5/SOSPhaseLinear04.lean:74:11: Used `tac1 <;> tac2` where `(tac1; tac2)` would suffice

Note: This linter can be disabled with `set_option linter.unnecessarySeqFocus false`
warning: CGLMP5/SOSPhaseLinear04.lean:80:11: Used `tac1 <;> tac2` where `(tac1; tac2)` would suffice

Note: This linter can be disabled with `set_option linter.unnecessarySeqFocus false`
warning: CGLMP5/SOSPhaseLinear04.lean:86:11: Used `tac1 <;> tac2` where `(tac1; tac2)` would suffice

Note: This linter can be disabled with `set_option linter.unnecessarySeqFocus false`
warning: CGLMP5/SOSPhaseLinear04.lean:92:11: Used `tac1 <;> tac2` where `(tac1; tac2)` would suffice

Note: This linter can be disabled with `set_option linter.unnecessarySeqFocus false`
warning: CGLMP5/SOSPhaseLinear04.lean:98:11: Used `tac1 <;> tac2` where `(tac1; tac2)` would suffice

Note: This linter can be disabled with `set_option linter.unnecessarySeqFocus false`
warning: CGLMP5/SOSPhaseLinear04.lean:104:11: Used `tac1 <;> tac2` where `(tac1; tac2)` would suffice

Note: This linter can be disabled with `set_option linter.unnecessarySeqFocus false`
warning: CGLMP5/SOSPhaseLinear04.lean:110:11: Used `tac1 <;> tac2` where `(tac1; tac2)` would suffice

Note: This linter can be disabled with `set_option linter.unnecessarySeqFocus false`
warning: CGLMP5/SOSPhaseLinear04.lean:116:11: Used `tac1 <;> tac2` where `(tac1; tac2)` would suffice

Note: This linter can be disabled with `set_option linter.unnecessarySeqFocus false`
warning: CGLMP5/SOSPhaseLinear04.lean:122:11: Used `tac1 <;> tac2` where `(tac1; tac2)` would suffice

Note: This linter can be disabled with `set_option linter.unnecessarySeqFocus false`
warning: CGLMP5/SOSPhaseLinear04.lean:128:11: Used `tac1 <;> tac2` where `(tac1; tac2)` would suffice

Note: This linter can be disabled with `set_option linter.unnecessarySeqFocus false`
warning: CGLMP5/SOSPhaseLinear04.lean:134:11: Used `tac1 <;> tac2` where `(tac1; tac2)` would suffice

Note: This linter can be disabled with `set_option linter.unnecessarySeqFocus false`
warning: CGLMP5/SOSPhaseLinear04.lean:140:11: Used `tac1 <;> tac2` where `(tac1; tac2)` would suffice

Note: This linter can be disabled with `set_option linter.unnecessarySeqFocus false`
warning: CGLMP5/SOSPhaseLinear04.lean:146:11: Used `tac1 <;> tac2` where `(tac1; tac2)` would suffice

Note: This linter can be disabled with `set_option linter.unnecessarySeqFocus false`
warning: CGLMP5/SOSPhaseLinear04.lean:152:11: Used `tac1 <;> tac2` where `(tac1; tac2)` would suffice

Note: This linter can be disabled with `set_option linter.unnecessarySeqFocus false`
⚠ [856/860] Replayed CGLMP5.SOSPhaseLinear06
warning: CGLMP5/SOSPhaseLinear06.lean:14:11: Used `tac1 <;> tac2` where `(tac1; tac2)` would suffice

Note: This linter can be disabled with `set_option linter.unnecessarySeqFocus false`
warning: CGLMP5/SOSPhaseLinear06.lean:20:11: Used `tac1 <;> tac2` where `(tac1; tac2)` would suffice

Note: This linter can be disabled with `set_option linter.unnecessarySeqFocus false`
warning: CGLMP5/SOSPhaseLinear06.lean:26:11: Used `tac1 <;> tac2` where `(tac1; tac2)` would suffice

Note: This linter can be disabled with `set_option linter.unnecessarySeqFocus false`
warning: CGLMP5/SOSPhaseLinear06.lean:32:11: Used `tac1 <;> tac2` where `(tac1; tac2)` would suffice

Note: This linter can be disabled with `set_option linter.unnecessarySeqFocus false`
warning: CGLMP5/SOSPhaseLinear06.lean:38:11: Used `tac1 <;> tac2` where `(tac1; tac2)` would suffice

Note: This linter can be disabled with `set_option linter.unnecessarySeqFocus false`
warning: CGLMP5/SOSPhaseLinear06.lean:44:11: Used `tac1 <;> tac2` where `(tac1; tac2)` would suffice

Note: This linter can be disabled with `set_option linter.unnecessarySeqFocus false`
warning: CGLMP5/SOSPhaseLinear06.lean:50:11: Used `tac1 <;> tac2` where `(tac1; tac2)` would suffice

Note: This linter can be disabled with `set_option linter.unnecessarySeqFocus false`
warning: CGLMP5/SOSPhaseLinear06.lean:56:11: Used `tac1 <;> tac2` where `(tac1; tac2)` would suffice

Note: This linter can be disabled with `set_option linter.unnecessarySeqFocus false`
warning: CGLMP5/SOSPhaseLinear06.lean:62:11: Used `tac1 <;> tac2` where `(tac1; tac2)` would suffice

Note: This linter can be disabled with `set_option linter.unnecessarySeqFocus false`
warning: CGLMP5/SOSPhaseLinear06.lean:68:11: Used `tac1 <;> tac2` where `(tac1; tac2)` would suffice

Note: This linter can be disabled with `set_option linter.unnecessarySeqFocus false`
warning: CGLMP5/SOSPhaseLinear06.lean:74:11: Used `tac1 <;> tac2` where `(tac1; tac2)` would suffice

Note: This linter can be disabled with `set_option linter.unnecessarySeqFocus false`
warning: CGLMP5/SOSPhaseLinear06.lean:80:11: Used `tac1 <;> tac2` where `(tac1; tac2)` would suffice

Note: This linter can be disabled with `set_option linter.unnecessarySeqFocus false`
warning: CGLMP5/SOSPhaseLinear06.lean:86:11: Used `tac1 <;> tac2` where `(tac1; tac2)` would suffice

Note: This linter can be disabled with `set_option linter.unnecessarySeqFocus false`
warning: CGLMP5/SOSPhaseLinear06.lean:92:11: Used `tac1 <;> tac2` where `(tac1; tac2)` would suffice

Note: This linter can be disabled with `set_option linter.unnecessarySeqFocus false`
warning: CGLMP5/SOSPhaseLinear06.lean:98:11: Used `tac1 <;> tac2` where `(tac1; tac2)` would suffice

Note: This linter can be disabled with `set_option linter.unnecessarySeqFocus false`
warning: CGLMP5/SOSPhaseLinear06.lean:104:11: Used `tac1 <;> tac2` where `(tac1; tac2)` would suffice

Note: This linter can be disabled with `set_option linter.unnecessarySeqFocus false`
warning: CGLMP5/SOSPhaseLinear06.lean:110:11: Used `tac1 <;> tac2` where `(tac1; tac2)` would suffice

Note: This linter can be disabled with `set_option linter.unnecessarySeqFocus false`
warning: CGLMP5/SOSPhaseLinear06.lean:116:11: Used `tac1 <;> tac2` where `(tac1; tac2)` would suffice

Note: This linter can be disabled with `set_option linter.unnecessarySeqFocus false`
warning: CGLMP5/SOSPhaseLinear06.lean:122:11: Used `tac1 <;> tac2` where `(tac1; tac2)` would suffice

Note: This linter can be disabled with `set_option linter.unnecessarySeqFocus false`
warning: CGLMP5/SOSPhaseLinear06.lean:128:11: Used `tac1 <;> tac2` where `(tac1; tac2)` would suffice

Note: This linter can be disabled with `set_option linter.unnecessarySeqFocus false`
warning: CGLMP5/SOSPhaseLinear06.lean:134:11: Used `tac1 <;> tac2` where `(tac1; tac2)` would suffice

Note: This linter can be disabled with `set_option linter.unnecessarySeqFocus false`
warning: CGLMP5/SOSPhaseLinear06.lean:140:11: Used `tac1 <;> tac2` where `(tac1; tac2)` would suffice

Note: This linter can be disabled with `set_option linter.unnecessarySeqFocus false`
warning: CGLMP5/SOSPhaseLinear06.lean:146:11: Used `tac1 <;> tac2` where `(tac1; tac2)` would suffice

Note: This linter can be disabled with `set_option linter.unnecessarySeqFocus false`
warning: CGLMP5/SOSPhaseLinear06.lean:152:11: Used `tac1 <;> tac2` where `(tac1; tac2)` would suffice

Note: This linter can be disabled with `set_option linter.unnecessarySeqFocus false`
⚠ [857/860] Replayed CGLMP5.SOSPhaseLinear15
warning: CGLMP5/SOSPhaseLinear15.lean:14:15: Unused tactic linter: `ring` does nothing

Note: This linter can be disabled with `set_option linter.unusedTactic false`
warning: CGLMP5/SOSPhaseLinear15.lean:14:15: this tactic is never executed

Note: This linter can be disabled with `set_option linter.unreachableTactic false`
warning: CGLMP5/SOSPhaseLinear15.lean:20:15: Unused tactic linter: `ring` does nothing

Note: This linter can be disabled with `set_option linter.unusedTactic false`
warning: CGLMP5/SOSPhaseLinear15.lean:20:15: this tactic is never executed

Note: This linter can be disabled with `set_option linter.unreachableTactic false`
warning: CGLMP5/SOSPhaseLinear15.lean:26:15: Unused tactic linter: `ring` does nothing

Note: This linter can be disabled with `set_option linter.unusedTactic false`
warning: CGLMP5/SOSPhaseLinear15.lean:26:15: this tactic is never executed

Note: This linter can be disabled with `set_option linter.unreachableTactic false`
warning: CGLMP5/SOSPhaseLinear15.lean:32:15: Unused tactic linter: `ring` does nothing

Note: This linter can be disabled with `set_option linter.unusedTactic false`
warning: CGLMP5/SOSPhaseLinear15.lean:32:15: this tactic is never executed

Note: This linter can be disabled with `set_option linter.unreachableTactic false`
warning: CGLMP5/SOSPhaseLinear15.lean:38:15: Unused tactic linter: `ring` does nothing

Note: This linter can be disabled with `set_option linter.unusedTactic false`
warning: CGLMP5/SOSPhaseLinear15.lean:38:15: this tactic is never executed

Note: This linter can be disabled with `set_option linter.unreachableTactic false`
warning: CGLMP5/SOSPhaseLinear15.lean:44:15: Unused tactic linter: `ring` does nothing

Note: This linter can be disabled with `set_option linter.unusedTactic false`
warning: CGLMP5/SOSPhaseLinear15.lean:44:15: this tactic is never executed

Note: This linter can be disabled with `set_option linter.unreachableTactic false`
warning: CGLMP5/SOSPhaseLinear15.lean:50:15: Unused tactic linter: `ring` does nothing

Note: This linter can be disabled with `set_option linter.unusedTactic false`
warning: CGLMP5/SOSPhaseLinear15.lean:50:15: this tactic is never executed

Note: This linter can be disabled with `set_option linter.unreachableTactic false`
warning: CGLMP5/SOSPhaseLinear15.lean:56:15: Unused tactic linter: `ring` does nothing

Note: This linter can be disabled with `set_option linter.unusedTactic false`
warning: CGLMP5/SOSPhaseLinear15.lean:56:15: this tactic is never executed

Note: This linter can be disabled with `set_option linter.unreachableTactic false`
warning: CGLMP5/SOSPhaseLinear15.lean:62:15: Unused tactic linter: `ring` does nothing

Note: This linter can be disabled with `set_option linter.unusedTactic false`
warning: CGLMP5/SOSPhaseLinear15.lean:62:15: this tactic is never executed

Note: This linter can be disabled with `set_option linter.unreachableTactic false`
warning: CGLMP5/SOSPhaseLinear15.lean:68:15: Unused tactic linter: `ring` does nothing

Note: This linter can be disabled with `set_option linter.unusedTactic false`
warning: CGLMP5/SOSPhaseLinear15.lean:68:15: this tactic is never executed

Note: This linter can be disabled with `set_option linter.unreachableTactic false`
warning: CGLMP5/SOSPhaseLinear15.lean:74:15: Unused tactic linter: `ring` does nothing

Note: This linter can be disabled with `set_option linter.unusedTactic false`
warning: CGLMP5/SOSPhaseLinear15.lean:74:15: this tactic is never executed

Note: This linter can be disabled with `set_option linter.unreachableTactic false`
warning: CGLMP5/SOSPhaseLinear15.lean:80:15: Unused tactic linter: `ring` does nothing

Note: This linter can be disabled with `set_option linter.unusedTactic false`
warning: CGLMP5/SOSPhaseLinear15.lean:80:15: this tactic is never executed

Note: This linter can be disabled with `set_option linter.unreachableTactic false`
warning: CGLMP5/SOSPhaseLinear15.lean:86:15: Unused tactic linter: `ring` does nothing

Note: This linter can be disabled with `set_option linter.unusedTactic false`
warning: CGLMP5/SOSPhaseLinear15.lean:86:15: this tactic is never executed

Note: This linter can be disabled with `set_option linter.unreachableTactic false`
warning: CGLMP5/SOSPhaseLinear15.lean:92:15: Unused tactic linter: `ring` does nothing

Note: This linter can be disabled with `set_option linter.unusedTactic false`
warning: CGLMP5/SOSPhaseLinear15.lean:92:15: this tactic is never executed

Note: This linter can be disabled with `set_option linter.unreachableTactic false`
warning: CGLMP5/SOSPhaseLinear15.lean:98:15: Unused tactic linter: `ring` does nothing

Note: This linter can be disabled with `set_option linter.unusedTactic false`
warning: CGLMP5/SOSPhaseLinear15.lean:98:15: this tactic is never executed

Note: This linter can be disabled with `set_option linter.unreachableTactic false`
warning: CGLMP5/SOSPhaseLinear15.lean:104:15: Unused tactic linter: `ring` does nothing

Note: This linter can be disabled with `set_option linter.unusedTactic false`
warning: CGLMP5/SOSPhaseLinear15.lean:104:15: this tactic is never executed

Note: This linter can be disabled with `set_option linter.unreachableTactic false`
warning: CGLMP5/SOSPhaseLinear15.lean:110:15: Unused tactic linter: `ring` does nothing

Note: This linter can be disabled with `set_option linter.unusedTactic false`
warning: CGLMP5/SOSPhaseLinear15.lean:110:15: this tactic is never executed

Note: This linter can be disabled with `set_option linter.unreachableTactic false`
warning: CGLMP5/SOSPhaseLinear15.lean:116:15: Unused tactic linter: `ring` does nothing

Note: This linter can be disabled with `set_option linter.unusedTactic false`
warning: CGLMP5/SOSPhaseLinear15.lean:116:15: this tactic is never executed

Note: This linter can be disabled with `set_option linter.unreachableTactic false`
warning: CGLMP5/SOSPhaseLinear15.lean:122:15: Unused tactic linter: `ring` does nothing

Note: This linter can be disabled with `set_option linter.unusedTactic false`
warning: CGLMP5/SOSPhaseLinear15.lean:122:15: this tactic is never executed

Note: This linter can be disabled with `set_option linter.unreachableTactic false`
warning: CGLMP5/SOSPhaseLinear15.lean:128:15: Unused tactic linter: `ring` does nothing

Note: This linter can be disabled with `set_option linter.unusedTactic false`
warning: CGLMP5/SOSPhaseLinear15.lean:128:15: this tactic is never executed

Note: This linter can be disabled with `set_option linter.unreachableTactic false`
warning: CGLMP5/SOSPhaseLinear15.lean:134:15: Unused tactic linter: `ring` does nothing

Note: This linter can be disabled with `set_option linter.unusedTactic false`
warning: CGLMP5/SOSPhaseLinear15.lean:134:15: this tactic is never executed

Note: This linter can be disabled with `set_option linter.unreachableTactic false`
warning: CGLMP5/SOSPhaseLinear15.lean:140:15: Unused tactic linter: `ring` does nothing

Note: This linter can be disabled with `set_option linter.unusedTactic false`
warning: CGLMP5/SOSPhaseLinear15.lean:140:15: this tactic is never executed

Note: This linter can be disabled with `set_option linter.unreachableTactic false`
warning: CGLMP5/SOSPhaseLinear15.lean:146:15: Unused tactic linter: `ring` does nothing

Note: This linter can be disabled with `set_option linter.unusedTactic false`
warning: CGLMP5/SOSPhaseLinear15.lean:146:15: this tactic is never executed

Note: This linter can be disabled with `set_option linter.unreachableTactic false`
warning: CGLMP5/SOSPhaseLinear15.lean:152:15: Unused tactic linter: `ring` does nothing

Note: This linter can be disabled with `set_option linter.unusedTactic false`
warning: CGLMP5/SOSPhaseLinear15.lean:152:15: this tactic is never executed

Note: This linter can be disabled with `set_option linter.unreachableTactic false`
⚠ [858/860] Replayed CGLMP5.SOSPhaseLinear16
warning: CGLMP5/SOSPhaseLinear16.lean:14:11: Used `tac1 <;> tac2` where `(tac1; tac2)` would suffice

Note: This linter can be disabled with `set_option linter.unnecessarySeqFocus false`
warning: CGLMP5/SOSPhaseLinear16.lean:20:11: Used `tac1 <;> tac2` where `(tac1; tac2)` would suffice

Note: This linter can be disabled with `set_option linter.unnecessarySeqFocus false`
warning: CGLMP5/SOSPhaseLinear16.lean:26:11: Used `tac1 <;> tac2` where `(tac1; tac2)` would suffice

Note: This linter can be disabled with `set_option linter.unnecessarySeqFocus false`
warning: CGLMP5/SOSPhaseLinear16.lean:32:11: Used `tac1 <;> tac2` where `(tac1; tac2)` would suffice

Note: This linter can be disabled with `set_option linter.unnecessarySeqFocus false`
warning: CGLMP5/SOSPhaseLinear16.lean:38:11: Used `tac1 <;> tac2` where `(tac1; tac2)` would suffice

Note: This linter can be disabled with `set_option linter.unnecessarySeqFocus false`
warning: CGLMP5/SOSPhaseLinear16.lean:44:11: Used `tac1 <;> tac2` where `(tac1; tac2)` would suffice

Note: This linter can be disabled with `set_option linter.unnecessarySeqFocus false`
warning: CGLMP5/SOSPhaseLinear16.lean:50:11: Used `tac1 <;> tac2` where `(tac1; tac2)` would suffice

Note: This linter can be disabled with `set_option linter.unnecessarySeqFocus false`
warning: CGLMP5/SOSPhaseLinear16.lean:56:11: Used `tac1 <;> tac2` where `(tac1; tac2)` would suffice

Note: This linter can be disabled with `set_option linter.unnecessarySeqFocus false`
warning: CGLMP5/SOSPhaseLinear16.lean:62:11: Used `tac1 <;> tac2` where `(tac1; tac2)` would suffice

Note: This linter can be disabled with `set_option linter.unnecessarySeqFocus false`
warning: CGLMP5/SOSPhaseLinear16.lean:68:11: Used `tac1 <;> tac2` where `(tac1; tac2)` would suffice

Note: This linter can be disabled with `set_option linter.unnecessarySeqFocus false`
warning: CGLMP5/SOSPhaseLinear16.lean:74:11: Used `tac1 <;> tac2` where `(tac1; tac2)` would suffice

Note: This linter can be disabled with `set_option linter.unnecessarySeqFocus false`
warning: CGLMP5/SOSPhaseLinear16.lean:80:11: Used `tac1 <;> tac2` where `(tac1; tac2)` would suffice

Note: This linter can be disabled with `set_option linter.unnecessarySeqFocus false`
warning: CGLMP5/SOSPhaseLinear16.lean:86:11: Used `tac1 <;> tac2` where `(tac1; tac2)` would suffice

Note: This linter can be disabled with `set_option linter.unnecessarySeqFocus false`
warning: CGLMP5/SOSPhaseLinear16.lean:92:11: Used `tac1 <;> tac2` where `(tac1; tac2)` would suffice

Note: This linter can be disabled with `set_option linter.unnecessarySeqFocus false`
warning: CGLMP5/SOSPhaseLinear16.lean:98:11: Used `tac1 <;> tac2` where `(tac1; tac2)` would suffice

Note: This linter can be disabled with `set_option linter.unnecessarySeqFocus false`
warning: CGLMP5/SOSPhaseLinear16.lean:104:11: Used `tac1 <;> tac2` where `(tac1; tac2)` would suffice

Note: This linter can be disabled with `set_option linter.unnecessarySeqFocus false`
warning: CGLMP5/SOSPhaseLinear16.lean:110:11: Used `tac1 <;> tac2` where `(tac1; tac2)` would suffice

Note: This linter can be disabled with `set_option linter.unnecessarySeqFocus false`
warning: CGLMP5/SOSPhaseLinear16.lean:116:11: Used `tac1 <;> tac2` where `(tac1; tac2)` would suffice

Note: This linter can be disabled with `set_option linter.unnecessarySeqFocus false`
warning: CGLMP5/SOSPhaseLinear16.lean:122:11: Used `tac1 <;> tac2` where `(tac1; tac2)` would suffice

Note: This linter can be disabled with `set_option linter.unnecessarySeqFocus false`
warning: CGLMP5/SOSPhaseLinear16.lean:128:11: Used `tac1 <;> tac2` where `(tac1; tac2)` would suffice

Note: This linter can be disabled with `set_option linter.unnecessarySeqFocus false`
warning: CGLMP5/SOSPhaseLinear16.lean:134:11: Used `tac1 <;> tac2` where `(tac1; tac2)` would suffice

Note: This linter can be disabled with `set_option linter.unnecessarySeqFocus false`
warning: CGLMP5/SOSPhaseLinear16.lean:140:11: Used `tac1 <;> tac2` where `(tac1; tac2)` would suffice

Note: This linter can be disabled with `set_option linter.unnecessarySeqFocus false`
warning: CGLMP5/SOSPhaseLinear16.lean:146:11: Used `tac1 <;> tac2` where `(tac1; tac2)` would suffice

Note: This linter can be disabled with `set_option linter.unnecessarySeqFocus false`
warning: CGLMP5/SOSPhaseLinear16.lean:152:11: Used `tac1 <;> tac2` where `(tac1; tac2)` would suffice

Note: This linter can be disabled with `set_option linter.unnecessarySeqFocus false`
⚠ [859/860] Replayed CGLMP5.SOSPhaseLinear19
warning: CGLMP5/SOSPhaseLinear19.lean:14:11: Used `tac1 <;> tac2` where `(tac1; tac2)` would suffice

Note: This linter can be disabled with `set_option linter.unnecessarySeqFocus false`
warning: CGLMP5/SOSPhaseLinear19.lean:20:11: Used `tac1 <;> tac2` where `(tac1; tac2)` would suffice

Note: This linter can be disabled with `set_option linter.unnecessarySeqFocus false`
warning: CGLMP5/SOSPhaseLinear19.lean:26:11: Used `tac1 <;> tac2` where `(tac1; tac2)` would suffice

Note: This linter can be disabled with `set_option linter.unnecessarySeqFocus false`
warning: CGLMP5/SOSPhaseLinear19.lean:32:11: Used `tac1 <;> tac2` where `(tac1; tac2)` would suffice

Note: This linter can be disabled with `set_option linter.unnecessarySeqFocus false`
warning: CGLMP5/SOSPhaseLinear19.lean:38:11: Used `tac1 <;> tac2` where `(tac1; tac2)` would suffice

Note: This linter can be disabled with `set_option linter.unnecessarySeqFocus false`
warning: CGLMP5/SOSPhaseLinear19.lean:44:11: Used `tac1 <;> tac2` where `(tac1; tac2)` would suffice

Note: This linter can be disabled with `set_option linter.unnecessarySeqFocus false`
warning: CGLMP5/SOSPhaseLinear19.lean:50:11: Used `tac1 <;> tac2` where `(tac1; tac2)` would suffice

Note: This linter can be disabled with `set_option linter.unnecessarySeqFocus false`
warning: CGLMP5/SOSPhaseLinear19.lean:56:11: Used `tac1 <;> tac2` where `(tac1; tac2)` would suffice

Note: This linter can be disabled with `set_option linter.unnecessarySeqFocus false`
warning: CGLMP5/SOSPhaseLinear19.lean:62:11: Used `tac1 <;> tac2` where `(tac1; tac2)` would suffice

Note: This linter can be disabled with `set_option linter.unnecessarySeqFocus false`
warning: CGLMP5/SOSPhaseLinear19.lean:68:11: Used `tac1 <;> tac2` where `(tac1; tac2)` would suffice

Note: This linter can be disabled with `set_option linter.unnecessarySeqFocus false`
warning: CGLMP5/SOSPhaseLinear19.lean:74:11: Used `tac1 <;> tac2` where `(tac1; tac2)` would suffice

Note: This linter can be disabled with `set_option linter.unnecessarySeqFocus false`
warning: CGLMP5/SOSPhaseLinear19.lean:80:11: Used `tac1 <;> tac2` where `(tac1; tac2)` would suffice

Note: This linter can be disabled with `set_option linter.unnecessarySeqFocus false`
warning: CGLMP5/SOSPhaseLinear19.lean:86:11: Used `tac1 <;> tac2` where `(tac1; tac2)` would suffice

Note: This linter can be disabled with `set_option linter.unnecessarySeqFocus false`
warning: CGLMP5/SOSPhaseLinear19.lean:92:11: Used `tac1 <;> tac2` where `(tac1; tac2)` would suffice

Note: This linter can be disabled with `set_option linter.unnecessarySeqFocus false`
warning: CGLMP5/SOSPhaseLinear19.lean:98:11: Used `tac1 <;> tac2` where `(tac1; tac2)` would suffice

Note: This linter can be disabled with `set_option linter.unnecessarySeqFocus false`
warning: CGLMP5/SOSPhaseLinear19.lean:104:11: Used `tac1 <;> tac2` where `(tac1; tac2)` would suffice

Note: This linter can be disabled with `set_option linter.unnecessarySeqFocus false`
warning: CGLMP5/SOSPhaseLinear19.lean:110:11: Used `tac1 <;> tac2` where `(tac1; tac2)` would suffice

Note: This linter can be disabled with `set_option linter.unnecessarySeqFocus false`
warning: CGLMP5/SOSPhaseLinear19.lean:116:11: Used `tac1 <;> tac2` where `(tac1; tac2)` would suffice

Note: This linter can be disabled with `set_option linter.unnecessarySeqFocus false`
warning: CGLMP5/SOSPhaseLinear19.lean:122:11: Used `tac1 <;> tac2` where `(tac1; tac2)` would suffice

Note: This linter can be disabled with `set_option linter.unnecessarySeqFocus false`
warning: CGLMP5/SOSPhaseLinear19.lean:128:11: Used `tac1 <;> tac2` where `(tac1; tac2)` would suffice

Note: This linter can be disabled with `set_option linter.unnecessarySeqFocus false`
warning: CGLMP5/SOSPhaseLinear19.lean:134:11: Used `tac1 <;> tac2` where `(tac1; tac2)` would suffice

Note: This linter can be disabled with `set_option linter.unnecessarySeqFocus false`
warning: CGLMP5/SOSPhaseLinear19.lean:140:11: Used `tac1 <;> tac2` where `(tac1; tac2)` would suffice

Note: This linter can be disabled with `set_option linter.unnecessarySeqFocus false`
warning: CGLMP5/SOSPhaseLinear19.lean:146:11: Used `tac1 <;> tac2` where `(tac1; tac2)` would suffice

Note: This linter can be disabled with `set_option linter.unnecessarySeqFocus false`
warning: CGLMP5/SOSPhaseLinear19.lean:152:11: Used `tac1 <;> tac2` where `(tac1; tac2)` would suffice

Note: This linter can be disabled with `set_option linter.unnecessarySeqFocus false`
✖ [860/860] Building CGLMP5.SOSIntegerResidual248
error: target is out-of-date and needs to be rebuilt
Some required targets logged failures:
- CGLMP5.SOSIntegerResidual248
