⚠ [2116/2142] Replayed CGLMP5.Root
warning: CGLMP5/Root.lean:148:63: Used `tac1 <;> tac2` where `(tac1; tac2)` would suffice

Note: This linter can be disabled with `set_option linter.unnecessarySeqFocus false`
warning: CGLMP5/Root.lean:148:77: Used `tac1 <;> tac2` where `(tac1; tac2)` would suffice

Note: This linter can be disabled with `set_option linter.unnecessarySeqFocus false`
warning: CGLMP5/Root.lean:148:89: Used `tac1 <;> tac2` where `(tac1; tac2)` would suffice

Note: This linter can be disabled with `set_option linter.unnecessarySeqFocus false`
⚠ [2120/2142] Replayed CGLMP5.AttainmentAlgebra
warning: CGLMP5/AttainmentAlgebra.lean:33:0: automatically included section variable(s) unused in theorem `CGLMP5.Attainment.f1_mul_u`:
  hm
consider restructuring your `variable` declarations so that the variables are not in scope or explicitly omit them:
  omit hm in theorem ...

Note: This linter can be disabled with `set_option linter.unusedSectionVars false`
warning: CGLMP5/AttainmentAlgebra.lean:37:0: automatically included section variable(s) unused in theorem `CGLMP5.Attainment.two_s_mul_f3`:
  hu
  hm
consider restructuring your `variable` declarations so that the variables are not in scope or explicitly omit them:
  omit hu hm in theorem ...

Note: This linter can be disabled with `set_option linter.unusedSectionVars false`
warning: CGLMP5/AttainmentAlgebra.lean:41:0: automatically included section variable(s) unused in theorem `CGLMP5.Attainment.f1_sq`:
  hm
consider restructuring your `variable` declarations so that the variables are not in scope or explicitly omit them:
  omit hm in theorem ...

Note: This linter can be disabled with `set_option linter.unusedSectionVars false`
warning: CGLMP5/AttainmentAlgebra.lean:49:0: automatically included section variable(s) unused in theorem `CGLMP5.Attainment.row_zero`:
  hm
consider restructuring your `variable` declarations so that the variables are not in scope or explicitly omit them:
  omit hm in theorem ...

Note: This linter can be disabled with `set_option linter.unusedSectionVars false`
warning: CGLMP5/AttainmentAlgebra.lean:53:0: automatically included section variable(s) unused in theorem `CGLMP5.Attainment.row_one`:
  hu
consider restructuring your `variable` declarations so that the variables are not in scope or explicitly omit them:
  omit hu in theorem ...

Note: This linter can be disabled with `set_option linter.unusedSectionVars false`
warning: CGLMP5/AttainmentAlgebra.lean:65:0: automatically included section variable(s) unused in theorem `CGLMP5.Attainment.s_bounds`:
  hm
  hupos
  hmthree
consider restructuring your `variable` declarations so that the variables are not in scope or explicitly omit them:
  omit hm hupos hmthree in theorem ...

Note: This linter can be disabled with `set_option linter.unusedSectionVars false`
warning: CGLMP5/AttainmentAlgebra.lean:68:0: automatically included section variable(s) unused in theorem `CGLMP5.Attainment.u_gt_three`:
  hs
  hm
  hmthree
consider restructuring your `variable` declarations so that the variables are not in scope or explicitly omit them:
  omit hs hm hmthree in theorem ...

Note: This linter can be disabled with `set_option linter.unusedSectionVars false`
warning: CGLMP5/AttainmentAlgebra.lean:82:0: automatically included section variable(s) unused in theorem `CGLMP5.Attainment.f3_pos`:
  hs
  hu
  hm
  hmthree
consider restructuring your `variable` declarations so that the variables are not in scope or explicitly omit them:
  omit hs hu hm hmthree in theorem ...

Note: This linter can be disabled with `set_option linter.unusedSectionVars false`
warning: CGLMP5/AttainmentAlgebra.lean:86:0: automatically included section variable(s) unused in theorem `CGLMP5.Attainment.f4_pos`:
  hs
  hu
  hm
  hupos
  hmthree
consider restructuring your `variable` declarations so that the variables are not in scope or explicitly omit them:
  omit hs hu hm hupos hmthree in theorem ...

Note: This linter can be disabled with `set_option linter.unusedSectionVars false`
warning: CGLMP5/AttainmentAlgebra.lean:128:0: automatically included section variable(s) unused in theorem `CGLMP5.Attainment.coeffB_eq_formula`:
  hspos
  hupos
consider restructuring your `variable` declarations so that the variables are not in scope or explicitly omit them:
  omit hspos hupos in theorem ...

Note: This linter can be disabled with `set_option linter.unusedSectionVars false`
warning: CGLMP5/AttainmentAlgebra.lean:142:0: automatically included section variable(s) unused in theorem `CGLMP5.Attainment.schmidtNormSq_pos`:
  hs
  hu
  hm
  hspos
  hupos
  hmthree
consider restructuring your `variable` declarations so that the variables are not in scope or explicitly omit them:
  omit hs hu hm hspos hupos hmthree in theorem ...

Note: This linter can be disabled with `set_option linter.unusedSectionVars false`
⚠ [2429/2555] Replayed CGLMP5.AttainmentState
warning: CGLMP5/AttainmentState.lean:42:2: Used `tac1 <;> tac2` where `(tac1; tac2)` would suffice

Note: This linter can be disabled with `set_option linter.unnecessarySeqFocus false`
⚠ [2432/2555] Replayed CGLMP5.Words
warning: CGLMP5/Words.lean:68:27: This simp argument is unused:
  Prod.fst

Hint: Omit it from the simp argument list.
  [apply] simp only [push, Prod.snd, hz, ↓reduceIte, hmz, eval_cons]

Note: This linter can be disabled with `set_option linter.unusedSimpArgs false`
warning: CGLMP5/Words.lean:68:37: This simp argument is unused:
  Prod.snd

Hint: Omit it from the simp argument list.
  [apply] simp only [push, Prod.fst, hz, ↓reduceIte, hmz, eval_cons]

Note: This linter can be disabled with `set_option linter.unusedSimpArgs false`
⚠ [2436/2555] Replayed CGLMP5.AttainmentCoefficient
warning: CGLMP5/AttainmentCoefficient.lean:21:55: this tactic is never executed

Note: This linter can be disabled with `set_option linter.unreachableTactic false`
warning: CGLMP5/AttainmentCoefficient.lean:21:100: this tactic is never executed

Note: This linter can be disabled with `set_option linter.unreachableTactic false`
warning: CGLMP5/AttainmentCoefficient.lean:23:55: this tactic is never executed

Note: This linter can be disabled with `set_option linter.unreachableTactic false`
warning: CGLMP5/AttainmentCoefficient.lean:23:100: this tactic is never executed

Note: This linter can be disabled with `set_option linter.unreachableTactic false`
warning: CGLMP5/AttainmentCoefficient.lean:25:55: this tactic is never executed

Note: This linter can be disabled with `set_option linter.unreachableTactic false`
warning: CGLMP5/AttainmentCoefficient.lean:25:100: this tactic is never executed

Note: This linter can be disabled with `set_option linter.unreachableTactic false`
warning: CGLMP5/AttainmentCoefficient.lean:27:55: this tactic is never executed

Note: This linter can be disabled with `set_option linter.unreachableTactic false`
warning: CGLMP5/AttainmentCoefficient.lean:27:100: this tactic is never executed

Note: This linter can be disabled with `set_option linter.unreachableTactic false`
⚠ [2437/2555] Replayed CGLMP5.AttainmentColumn0
warning: CGLMP5/AttainmentColumn0.lean:16:4: Unused tactic linter: `all_goals
  linear_combination (norm := (ring_nf <;> simp [Complex.I_sq, Complex.I_pow_three] <;> ring)) 0 * hs` does nothing

Note: This linter can be disabled with `set_option linter.unusedTactic false`
warning: CGLMP5/AttainmentColumn0.lean:16:14: this tactic is never executed

Note: This linter can be disabled with `set_option linter.unreachableTactic false`
warning: CGLMP5/AttainmentColumn0.lean:20:55: this tactic is never executed

Note: This linter can be disabled with `set_option linter.unreachableTactic false`
warning: CGLMP5/AttainmentColumn0.lean:20:100: this tactic is never executed

Note: This linter can be disabled with `set_option linter.unreachableTactic false`
warning: CGLMP5/AttainmentColumn0.lean:24:55: this tactic is never executed

Note: This linter can be disabled with `set_option linter.unreachableTactic false`
warning: CGLMP5/AttainmentColumn0.lean:24:100: this tactic is never executed

Note: This linter can be disabled with `set_option linter.unreachableTactic false`
warning: CGLMP5/AttainmentColumn0.lean:28:55: this tactic is never executed

Note: This linter can be disabled with `set_option linter.unreachableTactic false`
warning: CGLMP5/AttainmentColumn0.lean:28:100: this tactic is never executed

Note: This linter can be disabled with `set_option linter.unreachableTactic false`
warning: CGLMP5/AttainmentColumn0.lean:32:55: this tactic is never executed

Note: This linter can be disabled with `set_option linter.unreachableTactic false`
warning: CGLMP5/AttainmentColumn0.lean:32:100: this tactic is never executed

Note: This linter can be disabled with `set_option linter.unreachableTactic false`
⚠ [2438/2555] Replayed CGLMP5.AttainmentColumn1
warning: CGLMP5/AttainmentColumn1.lean:20:4: Unused tactic linter: `all_goals
  linear_combination (norm := (ring_nf <;> simp [Complex.I_sq, Complex.I_pow_three] <;> ring)) 0 * hs` does nothing

Note: This linter can be disabled with `set_option linter.unusedTactic false`
warning: CGLMP5/AttainmentColumn1.lean:16:55: this tactic is never executed

Note: This linter can be disabled with `set_option linter.unreachableTactic false`
warning: CGLMP5/AttainmentColumn1.lean:16:100: this tactic is never executed

Note: This linter can be disabled with `set_option linter.unreachableTactic false`
warning: CGLMP5/AttainmentColumn1.lean:20:14: this tactic is never executed

Note: This linter can be disabled with `set_option linter.unreachableTactic false`
warning: CGLMP5/AttainmentColumn1.lean:24:55: this tactic is never executed

Note: This linter can be disabled with `set_option linter.unreachableTactic false`
warning: CGLMP5/AttainmentColumn1.lean:24:100: this tactic is never executed

Note: This linter can be disabled with `set_option linter.unreachableTactic false`
warning: CGLMP5/AttainmentColumn1.lean:28:55: this tactic is never executed

Note: This linter can be disabled with `set_option linter.unreachableTactic false`
warning: CGLMP5/AttainmentColumn1.lean:28:100: this tactic is never executed

Note: This linter can be disabled with `set_option linter.unreachableTactic false`
warning: CGLMP5/AttainmentColumn1.lean:32:55: this tactic is never executed

Note: This linter can be disabled with `set_option linter.unreachableTactic false`
warning: CGLMP5/AttainmentColumn1.lean:32:100: this tactic is never executed

Note: This linter can be disabled with `set_option linter.unreachableTactic false`
⚠ [2439/2555] Replayed CGLMP5.AttainmentColumn2
warning: CGLMP5/AttainmentColumn2.lean:24:4: Unused tactic linter: `all_goals
  linear_combination (norm := (ring_nf <;> simp [Complex.I_sq, Complex.I_pow_three] <;> ring)) 0 * hs` does nothing

Note: This linter can be disabled with `set_option linter.unusedTactic false`
warning: CGLMP5/AttainmentColumn2.lean:16:55: this tactic is never executed

Note: This linter can be disabled with `set_option linter.unreachableTactic false`
warning: CGLMP5/AttainmentColumn2.lean:16:100: this tactic is never executed

Note: This linter can be disabled with `set_option linter.unreachableTactic false`
warning: CGLMP5/AttainmentColumn2.lean:20:55: this tactic is never executed

Note: This linter can be disabled with `set_option linter.unreachableTactic false`
warning: CGLMP5/AttainmentColumn2.lean:20:100: this tactic is never executed

Note: This linter can be disabled with `set_option linter.unreachableTactic false`
warning: CGLMP5/AttainmentColumn2.lean:24:14: this tactic is never executed

Note: This linter can be disabled with `set_option linter.unreachableTactic false`
warning: CGLMP5/AttainmentColumn2.lean:28:55: this tactic is never executed

Note: This linter can be disabled with `set_option linter.unreachableTactic false`
warning: CGLMP5/AttainmentColumn2.lean:28:100: this tactic is never executed

Note: This linter can be disabled with `set_option linter.unreachableTactic false`
warning: CGLMP5/AttainmentColumn2.lean:32:55: this tactic is never executed

Note: This linter can be disabled with `set_option linter.unreachableTactic false`
warning: CGLMP5/AttainmentColumn2.lean:32:100: this tactic is never executed

Note: This linter can be disabled with `set_option linter.unreachableTactic false`
⚠ [2440/2555] Replayed CGLMP5.AttainmentColumn3
warning: CGLMP5/AttainmentColumn3.lean:28:4: Unused tactic linter: `all_goals
  linear_combination (norm := (ring_nf <;> simp [Complex.I_sq, Complex.I_pow_three] <;> ring)) 0 * hs` does nothing

Note: This linter can be disabled with `set_option linter.unusedTactic false`
warning: CGLMP5/AttainmentColumn3.lean:16:55: this tactic is never executed

Note: This linter can be disabled with `set_option linter.unreachableTactic false`
warning: CGLMP5/AttainmentColumn3.lean:16:100: this tactic is never executed

Note: This linter can be disabled with `set_option linter.unreachableTactic false`
warning: CGLMP5/AttainmentColumn3.lean:20:55: this tactic is never executed

Note: This linter can be disabled with `set_option linter.unreachableTactic false`
warning: CGLMP5/AttainmentColumn3.lean:20:100: this tactic is never executed

Note: This linter can be disabled with `set_option linter.unreachableTactic false`
warning: CGLMP5/AttainmentColumn3.lean:24:55: this tactic is never executed

Note: This linter can be disabled with `set_option linter.unreachableTactic false`
warning: CGLMP5/AttainmentColumn3.lean:24:100: this tactic is never executed

Note: This linter can be disabled with `set_option linter.unreachableTactic false`
warning: CGLMP5/AttainmentColumn3.lean:28:14: this tactic is never executed

Note: This linter can be disabled with `set_option linter.unreachableTactic false`
warning: CGLMP5/AttainmentColumn3.lean:32:55: this tactic is never executed

Note: This linter can be disabled with `set_option linter.unreachableTactic false`
warning: CGLMP5/AttainmentColumn3.lean:32:100: this tactic is never executed

Note: This linter can be disabled with `set_option linter.unreachableTactic false`
⚠ [2441/2555] Replayed CGLMP5.AttainmentColumn4
warning: CGLMP5/AttainmentColumn4.lean:32:4: Unused tactic linter: `all_goals
  linear_combination (norm := (ring_nf <;> simp [Complex.I_sq, Complex.I_pow_three] <;> ring)) 0 * hs` does nothing

Note: This linter can be disabled with `set_option linter.unusedTactic false`
warning: CGLMP5/AttainmentColumn4.lean:16:55: this tactic is never executed

Note: This linter can be disabled with `set_option linter.unreachableTactic false`
warning: CGLMP5/AttainmentColumn4.lean:16:100: this tactic is never executed

Note: This linter can be disabled with `set_option linter.unreachableTactic false`
warning: CGLMP5/AttainmentColumn4.lean:20:55: this tactic is never executed

Note: This linter can be disabled with `set_option linter.unreachableTactic false`
warning: CGLMP5/AttainmentColumn4.lean:20:100: this tactic is never executed

Note: This linter can be disabled with `set_option linter.unreachableTactic false`
warning: CGLMP5/AttainmentColumn4.lean:24:55: this tactic is never executed

Note: This linter can be disabled with `set_option linter.unreachableTactic false`
warning: CGLMP5/AttainmentColumn4.lean:24:100: this tactic is never executed

Note: This linter can be disabled with `set_option linter.unreachableTactic false`
warning: CGLMP5/AttainmentColumn4.lean:28:55: this tactic is never executed

Note: This linter can be disabled with `set_option linter.unreachableTactic false`
warning: CGLMP5/AttainmentColumn4.lean:28:100: this tactic is never executed

Note: This linter can be disabled with `set_option linter.unreachableTactic false`
warning: CGLMP5/AttainmentColumn4.lean:32:14: this tactic is never executed

Note: This linter can be disabled with `set_option linter.unreachableTactic false`
⚠ [2464/2555] Replayed CGLMP5.AttainmentEigen
warning: CGLMP5/AttainmentEigen.lean:36:68: `if_true` has been deprecated: Use `ite_true` instead
⚠ [2466/2555] Replayed CGLMP5.AttainmentSpectral1
warning: CGLMP5/AttainmentSpectral1.lean:14:55: this tactic is never executed

Note: This linter can be disabled with `set_option linter.unreachableTactic false`
warning: CGLMP5/AttainmentSpectral1.lean:14:100: this tactic is never executed

Note: This linter can be disabled with `set_option linter.unreachableTactic false`
warning: CGLMP5/AttainmentSpectral1.lean:17:55: this tactic is never executed

Note: This linter can be disabled with `set_option linter.unreachableTactic false`
warning: CGLMP5/AttainmentSpectral1.lean:17:100: this tactic is never executed

Note: This linter can be disabled with `set_option linter.unreachableTactic false`
warning: CGLMP5/AttainmentSpectral1.lean:20:55: this tactic is never executed

Note: This linter can be disabled with `set_option linter.unreachableTactic false`
warning: CGLMP5/AttainmentSpectral1.lean:20:100: this tactic is never executed

Note: This linter can be disabled with `set_option linter.unreachableTactic false`
warning: CGLMP5/AttainmentSpectral1.lean:23:55: this tactic is never executed

Note: This linter can be disabled with `set_option linter.unreachableTactic false`
warning: CGLMP5/AttainmentSpectral1.lean:23:100: this tactic is never executed

Note: This linter can be disabled with `set_option linter.unreachableTactic false`
warning: CGLMP5/AttainmentSpectral1.lean:26:55: this tactic is never executed

Note: This linter can be disabled with `set_option linter.unreachableTactic false`
warning: CGLMP5/AttainmentSpectral1.lean:26:100: this tactic is never executed

Note: This linter can be disabled with `set_option linter.unreachableTactic false`
warning: CGLMP5/AttainmentSpectral1.lean:29:55: this tactic is never executed

Note: This linter can be disabled with `set_option linter.unreachableTactic false`
warning: CGLMP5/AttainmentSpectral1.lean:29:100: this tactic is never executed

Note: This linter can be disabled with `set_option linter.unreachableTactic false`
warning: CGLMP5/AttainmentSpectral1.lean:32:100: this tactic is never executed

Note: This linter can be disabled with `set_option linter.unreachableTactic false`
warning: CGLMP5/AttainmentSpectral1.lean:35:55: this tactic is never executed

Note: This linter can be disabled with `set_option linter.unreachableTactic false`
warning: CGLMP5/AttainmentSpectral1.lean:35:100: this tactic is never executed

Note: This linter can be disabled with `set_option linter.unreachableTactic false`
warning: CGLMP5/AttainmentSpectral1.lean:38:100: this tactic is never executed

Note: This linter can be disabled with `set_option linter.unreachableTactic false`
warning: CGLMP5/AttainmentSpectral1.lean:41:55: this tactic is never executed

Note: This linter can be disabled with `set_option linter.unreachableTactic false`
warning: CGLMP5/AttainmentSpectral1.lean:41:100: this tactic is never executed

Note: This linter can be disabled with `set_option linter.unreachableTactic false`
warning: CGLMP5/AttainmentSpectral1.lean:44:55: this tactic is never executed

Note: This linter can be disabled with `set_option linter.unreachableTactic false`
warning: CGLMP5/AttainmentSpectral1.lean:44:100: this tactic is never executed

Note: This linter can be disabled with `set_option linter.unreachableTactic false`
warning: CGLMP5/AttainmentSpectral1.lean:47:55: this tactic is never executed

Note: This linter can be disabled with `set_option linter.unreachableTactic false`
warning: CGLMP5/AttainmentSpectral1.lean:47:100: this tactic is never executed

Note: This linter can be disabled with `set_option linter.unreachableTactic false`
warning: CGLMP5/AttainmentSpectral1.lean:50:55: this tactic is never executed

Note: This linter can be disabled with `set_option linter.unreachableTactic false`
warning: CGLMP5/AttainmentSpectral1.lean:50:100: this tactic is never executed

Note: This linter can be disabled with `set_option linter.unreachableTactic false`
warning: CGLMP5/AttainmentSpectral1.lean:53:55: this tactic is never executed

Note: This linter can be disabled with `set_option linter.unreachableTactic false`
warning: CGLMP5/AttainmentSpectral1.lean:53:100: this tactic is never executed

Note: This linter can be disabled with `set_option linter.unreachableTactic false`
warning: CGLMP5/AttainmentSpectral1.lean:56:55: this tactic is never executed

Note: This linter can be disabled with `set_option linter.unreachableTactic false`
warning: CGLMP5/AttainmentSpectral1.lean:56:100: this tactic is never executed

Note: This linter can be disabled with `set_option linter.unreachableTactic false`
warning: CGLMP5/AttainmentSpectral1.lean:59:55: this tactic is never executed

Note: This linter can be disabled with `set_option linter.unreachableTactic false`
warning: CGLMP5/AttainmentSpectral1.lean:59:100: this tactic is never executed

Note: This linter can be disabled with `set_option linter.unreachableTactic false`
warning: CGLMP5/AttainmentSpectral1.lean:62:100: this tactic is never executed

Note: This linter can be disabled with `set_option linter.unreachableTactic false`
warning: CGLMP5/AttainmentSpectral1.lean:65:55: this tactic is never executed

Note: This linter can be disabled with `set_option linter.unreachableTactic false`
warning: CGLMP5/AttainmentSpectral1.lean:65:100: this tactic is never executed

Note: This linter can be disabled with `set_option linter.unreachableTactic false`
warning: CGLMP5/AttainmentSpectral1.lean:68:100: this tactic is never executed

Note: This linter can be disabled with `set_option linter.unreachableTactic false`
warning: CGLMP5/AttainmentSpectral1.lean:71:55: this tactic is never executed

Note: This linter can be disabled with `set_option linter.unreachableTactic false`
warning: CGLMP5/AttainmentSpectral1.lean:71:100: this tactic is never executed

Note: This linter can be disabled with `set_option linter.unreachableTactic false`
warning: CGLMP5/AttainmentSpectral1.lean:74:55: this tactic is never executed

Note: This linter can be disabled with `set_option linter.unreachableTactic false`
warning: CGLMP5/AttainmentSpectral1.lean:74:100: this tactic is never executed

Note: This linter can be disabled with `set_option linter.unreachableTactic false`
warning: CGLMP5/AttainmentSpectral1.lean:77:55: this tactic is never executed

Note: This linter can be disabled with `set_option linter.unreachableTactic false`
warning: CGLMP5/AttainmentSpectral1.lean:77:100: this tactic is never executed

Note: This linter can be disabled with `set_option linter.unreachableTactic false`
warning: CGLMP5/AttainmentSpectral1.lean:80:55: this tactic is never executed

Note: This linter can be disabled with `set_option linter.unreachableTactic false`
warning: CGLMP5/AttainmentSpectral1.lean:80:100: this tactic is never executed

Note: This linter can be disabled with `set_option linter.unreachableTactic false`
warning: CGLMP5/AttainmentSpectral1.lean:83:55: this tactic is never executed

Note: This linter can be disabled with `set_option linter.unreachableTactic false`
warning: CGLMP5/AttainmentSpectral1.lean:83:100: this tactic is never executed

Note: This linter can be disabled with `set_option linter.unreachableTactic false`
warning: CGLMP5/AttainmentSpectral1.lean:86:55: this tactic is never executed

Note: This linter can be disabled with `set_option linter.unreachableTactic false`
warning: CGLMP5/AttainmentSpectral1.lean:86:100: this tactic is never executed

Note: This linter can be disabled with `set_option linter.unreachableTactic false`
warning: CGLMP5/AttainmentSpectral1.lean:32:51: Used `tac1 <;> tac2` where `(tac1; tac2)` would suffice

Note: This linter can be disabled with `set_option linter.unnecessarySeqFocus false`
warning: CGLMP5/AttainmentSpectral1.lean:38:51: Used `tac1 <;> tac2` where `(tac1; tac2)` would suffice

Note: This linter can be disabled with `set_option linter.unnecessarySeqFocus false`
warning: CGLMP5/AttainmentSpectral1.lean:62:51: Used `tac1 <;> tac2` where `(tac1; tac2)` would suffice

Note: This linter can be disabled with `set_option linter.unnecessarySeqFocus false`
warning: CGLMP5/AttainmentSpectral1.lean:68:51: Used `tac1 <;> tac2` where `(tac1; tac2)` would suffice

Note: This linter can be disabled with `set_option linter.unnecessarySeqFocus false`
⚠ [2467/2555] Replayed CGLMP5.AttainmentSpectral2
warning: CGLMP5/AttainmentSpectral2.lean:14:55: this tactic is never executed

Note: This linter can be disabled with `set_option linter.unreachableTactic false`
warning: CGLMP5/AttainmentSpectral2.lean:14:100: this tactic is never executed

Note: This linter can be disabled with `set_option linter.unreachableTactic false`
warning: CGLMP5/AttainmentSpectral2.lean:17:55: this tactic is never executed

Note: This linter can be disabled with `set_option linter.unreachableTactic false`
warning: CGLMP5/AttainmentSpectral2.lean:17:100: this tactic is never executed

Note: This linter can be disabled with `set_option linter.unreachableTactic false`
warning: CGLMP5/AttainmentSpectral2.lean:20:55: this tactic is never executed

Note: This linter can be disabled with `set_option linter.unreachableTactic false`
warning: CGLMP5/AttainmentSpectral2.lean:20:100: this tactic is never executed

Note: This linter can be disabled with `set_option linter.unreachableTactic false`
warning: CGLMP5/AttainmentSpectral2.lean:23:55: this tactic is never executed

Note: This linter can be disabled with `set_option linter.unreachableTactic false`
warning: CGLMP5/AttainmentSpectral2.lean:23:100: this tactic is never executed

Note: This linter can be disabled with `set_option linter.unreachableTactic false`
warning: CGLMP5/AttainmentSpectral2.lean:26:55: this tactic is never executed

Note: This linter can be disabled with `set_option linter.unreachableTactic false`
warning: CGLMP5/AttainmentSpectral2.lean:26:100: this tactic is never executed

Note: This linter can be disabled with `set_option linter.unreachableTactic false`
warning: CGLMP5/AttainmentSpectral2.lean:29:55: this tactic is never executed

Note: This linter can be disabled with `set_option linter.unreachableTactic false`
warning: CGLMP5/AttainmentSpectral2.lean:29:100: this tactic is never executed

Note: This linter can be disabled with `set_option linter.unreachableTactic false`
warning: CGLMP5/AttainmentSpectral2.lean:32:55: this tactic is never executed

Note: This linter can be disabled with `set_option linter.unreachableTactic false`
warning: CGLMP5/AttainmentSpectral2.lean:32:100: this tactic is never executed

Note: This linter can be disabled with `set_option linter.unreachableTactic false`
warning: CGLMP5/AttainmentSpectral2.lean:35:55: this tactic is never executed

Note: This linter can be disabled with `set_option linter.unreachableTactic false`
warning: CGLMP5/AttainmentSpectral2.lean:35:100: this tactic is never executed

Note: This linter can be disabled with `set_option linter.unreachableTactic false`
warning: CGLMP5/AttainmentSpectral2.lean:38:55: this tactic is never executed

Note: This linter can be disabled with `set_option linter.unreachableTactic false`
warning: CGLMP5/AttainmentSpectral2.lean:38:100: this tactic is never executed

Note: This linter can be disabled with `set_option linter.unreachableTactic false`
warning: CGLMP5/AttainmentSpectral2.lean:41:55: this tactic is never executed

Note: This linter can be disabled with `set_option linter.unreachableTactic false`
warning: CGLMP5/AttainmentSpectral2.lean:41:100: this tactic is never executed

Note: This linter can be disabled with `set_option linter.unreachableTactic false`
warning: CGLMP5/AttainmentSpectral2.lean:44:55: this tactic is never executed

Note: This linter can be disabled with `set_option linter.unreachableTactic false`
warning: CGLMP5/AttainmentSpectral2.lean:44:100: this tactic is never executed

Note: This linter can be disabled with `set_option linter.unreachableTactic false`
warning: CGLMP5/AttainmentSpectral2.lean:47:55: this tactic is never executed

Note: This linter can be disabled with `set_option linter.unreachableTactic false`
warning: CGLMP5/AttainmentSpectral2.lean:47:100: this tactic is never executed

Note: This linter can be disabled with `set_option linter.unreachableTactic false`
warning: CGLMP5/AttainmentSpectral2.lean:50:55: this tactic is never executed

Note: This linter can be disabled with `set_option linter.unreachableTactic false`
warning: CGLMP5/AttainmentSpectral2.lean:50:100: this tactic is never executed

Note: This linter can be disabled with `set_option linter.unreachableTactic false`
warning: CGLMP5/AttainmentSpectral2.lean:53:55: this tactic is never executed

Note: This linter can be disabled with `set_option linter.unreachableTactic false`
warning: CGLMP5/AttainmentSpectral2.lean:53:100: this tactic is never executed

Note: This linter can be disabled with `set_option linter.unreachableTactic false`
warning: CGLMP5/AttainmentSpectral2.lean:56:55: this tactic is never executed

Note: This linter can be disabled with `set_option linter.unreachableTactic false`
warning: CGLMP5/AttainmentSpectral2.lean:56:100: this tactic is never executed

Note: This linter can be disabled with `set_option linter.unreachableTactic false`
warning: CGLMP5/AttainmentSpectral2.lean:59:55: this tactic is never executed

Note: This linter can be disabled with `set_option linter.unreachableTactic false`
warning: CGLMP5/AttainmentSpectral2.lean:59:100: this tactic is never executed

Note: This linter can be disabled with `set_option linter.unreachableTactic false`
warning: CGLMP5/AttainmentSpectral2.lean:62:55: this tactic is never executed

Note: This linter can be disabled with `set_option linter.unreachableTactic false`
warning: CGLMP5/AttainmentSpectral2.lean:62:100: this tactic is never executed

Note: This linter can be disabled with `set_option linter.unreachableTactic false`
warning: CGLMP5/AttainmentSpectral2.lean:65:55: this tactic is never executed

Note: This linter can be disabled with `set_option linter.unreachableTactic false`
warning: CGLMP5/AttainmentSpectral2.lean:65:100: this tactic is never executed

Note: This linter can be disabled with `set_option linter.unreachableTactic false`
warning: CGLMP5/AttainmentSpectral2.lean:68:55: this tactic is never executed

Note: This linter can be disabled with `set_option linter.unreachableTactic false`
warning: CGLMP5/AttainmentSpectral2.lean:68:100: this tactic is never executed

Note: This linter can be disabled with `set_option linter.unreachableTactic false`
warning: CGLMP5/AttainmentSpectral2.lean:71:55: this tactic is never executed

Note: This linter can be disabled with `set_option linter.unreachableTactic false`
warning: CGLMP5/AttainmentSpectral2.lean:71:100: this tactic is never executed

Note: This linter can be disabled with `set_option linter.unreachableTactic false`
warning: CGLMP5/AttainmentSpectral2.lean:74:55: this tactic is never executed

Note: This linter can be disabled with `set_option linter.unreachableTactic false`
warning: CGLMP5/AttainmentSpectral2.lean:74:100: this tactic is never executed

Note: This linter can be disabled with `set_option linter.unreachableTactic false`
warning: CGLMP5/AttainmentSpectral2.lean:77:55: this tactic is never executed

Note: This linter can be disabled with `set_option linter.unreachableTactic false`
warning: CGLMP5/AttainmentSpectral2.lean:77:100: this tactic is never executed

Note: This linter can be disabled with `set_option linter.unreachableTactic false`
warning: CGLMP5/AttainmentSpectral2.lean:80:55: this tactic is never executed

Note: This linter can be disabled with `set_option linter.unreachableTactic false`
warning: CGLMP5/AttainmentSpectral2.lean:80:100: this tactic is never executed

Note: This linter can be disabled with `set_option linter.unreachableTactic false`
warning: CGLMP5/AttainmentSpectral2.lean:83:55: this tactic is never executed

Note: This linter can be disabled with `set_option linter.unreachableTactic false`
warning: CGLMP5/AttainmentSpectral2.lean:83:100: this tactic is never executed

Note: This linter can be disabled with `set_option linter.unreachableTactic false`
warning: CGLMP5/AttainmentSpectral2.lean:86:55: this tactic is never executed

Note: This linter can be disabled with `set_option linter.unreachableTactic false`
warning: CGLMP5/AttainmentSpectral2.lean:86:100: this tactic is never executed

Note: This linter can be disabled with `set_option linter.unreachableTactic false`
⚠ [2468/2555] Replayed CGLMP5.AttainmentSpectral3
warning: CGLMP5/AttainmentSpectral3.lean:14:55: this tactic is never executed

Note: This linter can be disabled with `set_option linter.unreachableTactic false`
warning: CGLMP5/AttainmentSpectral3.lean:14:100: this tactic is never executed

Note: This linter can be disabled with `set_option linter.unreachableTactic false`
warning: CGLMP5/AttainmentSpectral3.lean:17:55: this tactic is never executed

Note: This linter can be disabled with `set_option linter.unreachableTactic false`
warning: CGLMP5/AttainmentSpectral3.lean:17:100: this tactic is never executed

Note: This linter can be disabled with `set_option linter.unreachableTactic false`
warning: CGLMP5/AttainmentSpectral3.lean:20:55: this tactic is never executed

Note: This linter can be disabled with `set_option linter.unreachableTactic false`
warning: CGLMP5/AttainmentSpectral3.lean:20:100: this tactic is never executed

Note: This linter can be disabled with `set_option linter.unreachableTactic false`
warning: CGLMP5/AttainmentSpectral3.lean:23:55: this tactic is never executed

Note: This linter can be disabled with `set_option linter.unreachableTactic false`
warning: CGLMP5/AttainmentSpectral3.lean:23:100: this tactic is never executed

Note: This linter can be disabled with `set_option linter.unreachableTactic false`
warning: CGLMP5/AttainmentSpectral3.lean:26:55: this tactic is never executed

Note: This linter can be disabled with `set_option linter.unreachableTactic false`
warning: CGLMP5/AttainmentSpectral3.lean:26:100: this tactic is never executed

Note: This linter can be disabled with `set_option linter.unreachableTactic false`
warning: CGLMP5/AttainmentSpectral3.lean:29:55: this tactic is never executed

Note: This linter can be disabled with `set_option linter.unreachableTactic false`
warning: CGLMP5/AttainmentSpectral3.lean:29:100: this tactic is never executed

Note: This linter can be disabled with `set_option linter.unreachableTactic false`
warning: CGLMP5/AttainmentSpectral3.lean:35:55: this tactic is never executed

Note: This linter can be disabled with `set_option linter.unreachableTactic false`
warning: CGLMP5/AttainmentSpectral3.lean:35:100: this tactic is never executed

Note: This linter can be disabled with `set_option linter.unreachableTactic false`
warning: CGLMP5/AttainmentSpectral3.lean:41:55: this tactic is never executed

Note: This linter can be disabled with `set_option linter.unreachableTactic false`
warning: CGLMP5/AttainmentSpectral3.lean:41:100: this tactic is never executed

Note: This linter can be disabled with `set_option linter.unreachableTactic false`
warning: CGLMP5/AttainmentSpectral3.lean:44:55: this tactic is never executed

Note: This linter can be disabled with `set_option linter.unreachableTactic false`
warning: CGLMP5/AttainmentSpectral3.lean:44:100: this tactic is never executed

Note: This linter can be disabled with `set_option linter.unreachableTactic false`
warning: CGLMP5/AttainmentSpectral3.lean:47:55: this tactic is never executed

Note: This linter can be disabled with `set_option linter.unreachableTactic false`
warning: CGLMP5/AttainmentSpectral3.lean:47:100: this tactic is never executed

Note: This linter can be disabled with `set_option linter.unreachableTactic false`
warning: CGLMP5/AttainmentSpectral3.lean:50:55: this tactic is never executed

Note: This linter can be disabled with `set_option linter.unreachableTactic false`
warning: CGLMP5/AttainmentSpectral3.lean:50:100: this tactic is never executed

Note: This linter can be disabled with `set_option linter.unreachableTactic false`
warning: CGLMP5/AttainmentSpectral3.lean:53:55: this tactic is never executed

Note: This linter can be disabled with `set_option linter.unreachableTactic false`
warning: CGLMP5/AttainmentSpectral3.lean:53:100: this tactic is never executed

Note: This linter can be disabled with `set_option linter.unreachableTactic false`
warning: CGLMP5/AttainmentSpectral3.lean:56:55: this tactic is never executed

Note: This linter can be disabled with `set_option linter.unreachableTactic false`
warning: CGLMP5/AttainmentSpectral3.lean:56:100: this tactic is never executed

Note: This linter can be disabled with `set_option linter.unreachableTactic false`
warning: CGLMP5/AttainmentSpectral3.lean:59:55: this tactic is never executed

Note: This linter can be disabled with `set_option linter.unreachableTactic false`
warning: CGLMP5/AttainmentSpectral3.lean:59:100: this tactic is never executed

Note: This linter can be disabled with `set_option linter.unreachableTactic false`
warning: CGLMP5/AttainmentSpectral3.lean:65:55: this tactic is never executed

Note: This linter can be disabled with `set_option linter.unreachableTactic false`
warning: CGLMP5/AttainmentSpectral3.lean:65:100: this tactic is never executed

Note: This linter can be disabled with `set_option linter.unreachableTactic false`
warning: CGLMP5/AttainmentSpectral3.lean:71:55: this tactic is never executed

Note: This linter can be disabled with `set_option linter.unreachableTactic false`
warning: CGLMP5/AttainmentSpectral3.lean:71:100: this tactic is never executed

Note: This linter can be disabled with `set_option linter.unreachableTactic false`
warning: CGLMP5/AttainmentSpectral3.lean:74:55: this tactic is never executed

Note: This linter can be disabled with `set_option linter.unreachableTactic false`
warning: CGLMP5/AttainmentSpectral3.lean:74:100: this tactic is never executed

Note: This linter can be disabled with `set_option linter.unreachableTactic false`
warning: CGLMP5/AttainmentSpectral3.lean:77:55: this tactic is never executed

Note: This linter can be disabled with `set_option linter.unreachableTactic false`
warning: CGLMP5/AttainmentSpectral3.lean:77:100: this tactic is never executed

Note: This linter can be disabled with `set_option linter.unreachableTactic false`
warning: CGLMP5/AttainmentSpectral3.lean:80:55: this tactic is never executed

Note: This linter can be disabled with `set_option linter.unreachableTactic false`
warning: CGLMP5/AttainmentSpectral3.lean:80:100: this tactic is never executed

Note: This linter can be disabled with `set_option linter.unreachableTactic false`
warning: CGLMP5/AttainmentSpectral3.lean:83:55: this tactic is never executed

Note: This linter can be disabled with `set_option linter.unreachableTactic false`
warning: CGLMP5/AttainmentSpectral3.lean:83:100: this tactic is never executed

Note: This linter can be disabled with `set_option linter.unreachableTactic false`
warning: CGLMP5/AttainmentSpectral3.lean:86:55: this tactic is never executed

Note: This linter can be disabled with `set_option linter.unreachableTactic false`
warning: CGLMP5/AttainmentSpectral3.lean:86:100: this tactic is never executed

Note: This linter can be disabled with `set_option linter.unreachableTactic false`
warning: CGLMP5/AttainmentSpectral3.lean:32:51: Used `tac1 <;> tac2` where `(tac1; tac2)` would suffice

Note: This linter can be disabled with `set_option linter.unnecessarySeqFocus false`
warning: CGLMP5/AttainmentSpectral3.lean:32:96: Used `tac1 <;> tac2` where `(tac1; tac2)` would suffice

Note: This linter can be disabled with `set_option linter.unnecessarySeqFocus false`
warning: CGLMP5/AttainmentSpectral3.lean:38:51: Used `tac1 <;> tac2` where `(tac1; tac2)` would suffice

Note: This linter can be disabled with `set_option linter.unnecessarySeqFocus false`
warning: CGLMP5/AttainmentSpectral3.lean:38:96: Used `tac1 <;> tac2` where `(tac1; tac2)` would suffice

Note: This linter can be disabled with `set_option linter.unnecessarySeqFocus false`
warning: CGLMP5/AttainmentSpectral3.lean:62:51: Used `tac1 <;> tac2` where `(tac1; tac2)` would suffice

Note: This linter can be disabled with `set_option linter.unnecessarySeqFocus false`
warning: CGLMP5/AttainmentSpectral3.lean:62:96: Used `tac1 <;> tac2` where `(tac1; tac2)` would suffice

Note: This linter can be disabled with `set_option linter.unnecessarySeqFocus false`
warning: CGLMP5/AttainmentSpectral3.lean:68:51: Used `tac1 <;> tac2` where `(tac1; tac2)` would suffice

Note: This linter can be disabled with `set_option linter.unnecessarySeqFocus false`
warning: CGLMP5/AttainmentSpectral3.lean:68:96: Used `tac1 <;> tac2` where `(tac1; tac2)` would suffice

Note: This linter can be disabled with `set_option linter.unnecessarySeqFocus false`
⚠ [2469/2555] Replayed CGLMP5.AttainmentOverlap
warning: CGLMP5/AttainmentOverlap.lean:23:4: Unused tactic linter: `all_goals linear_combination 0 * hs` does nothing

Note: This linter can be disabled with `set_option linter.unusedTactic false`
warning: CGLMP5/AttainmentOverlap.lean:121:4: Unused tactic linter: `all_goals linear_combination (-2) * hI` does nothing

Note: This linter can be disabled with `set_option linter.unusedTactic false`
warning: CGLMP5/AttainmentOverlap.lean:147:4: Unused tactic linter: `all_goals linear_combination 0 * hs` does nothing

Note: This linter can be disabled with `set_option linter.unusedTactic false`
warning: CGLMP5/AttainmentOverlap.lean:185:4: Unused tactic linter: `all_goals linear_combination (-2) * hI` does nothing

Note: This linter can be disabled with `set_option linter.unusedTactic false`
warning: CGLMP5/AttainmentOverlap.lean:23:14: this tactic is never executed

Note: This linter can be disabled with `set_option linter.unreachableTactic false`
warning: CGLMP5/AttainmentOverlap.lean:121:14: this tactic is never executed

Note: This linter can be disabled with `set_option linter.unreachableTactic false`
warning: CGLMP5/AttainmentOverlap.lean:147:14: this tactic is never executed

Note: This linter can be disabled with `set_option linter.unreachableTactic false`
warning: CGLMP5/AttainmentOverlap.lean:185:14: this tactic is never executed

Note: This linter can be disabled with `set_option linter.unreachableTactic false`
⚠ [2737/2776] Replayed CGLMP5.AttainmentFourierFormula
warning: CGLMP5/AttainmentFourierFormula.lean:37:62: Unused tactic linter: `push_cast` does nothing

Note: This linter can be disabled with `set_option linter.unusedTactic false`
warning: CGLMP5/AttainmentFourierFormula.lean:50:47: Unused tactic linter: `push_cast` does nothing

Note: This linter can be disabled with `set_option linter.unusedTactic false`
⚠ [2738/2776] Replayed CGLMP5.Operator
warning: CGLMP5/Operator.lean:39:8: automatically included section variable(s) unused in theorem `CGLMP5.State.expect_one`:
  [CompleteSpace H]
consider restructuring your `variable` declarations so that the variables are not in scope or explicitly omit them:
  omit [CompleteSpace H] in theorem ...

Note: This linter can be disabled with `set_option linter.unusedSectionVars false`
warning: CGLMP5/Operator.lean:42:0: automatically included section variable(s) unused in theorem `CGLMP5.State.expect_le_of_le`:
  [CompleteSpace H]
consider restructuring your `variable` declarations so that the variables are not in scope or explicitly omit them:
  omit [CompleteSpace H] in theorem ...

Note: This linter can be disabled with `set_option linter.unusedSectionVars false`
warning: CGLMP5/Operator.lean:87:36: This simp argument is unused:
  comp_smul

Hint: Omit it from the simp argument list.
  [apply] simp [smul_comp]

Note: This linter can be disabled with `set_option linter.unusedSimpArgs false`
warning: CGLMP5/Operator.lean:130:8: automatically included section variable(s) unused in theorem `CGLMP5.State.vector_expect`:
  [CompleteSpace H]
consider restructuring your `variable` declarations so that the variables are not in scope or explicitly omit them:
  omit [CompleteSpace H] in theorem ...

Note: This linter can be disabled with `set_option linter.unusedSectionVars false`
⚠ [2793/2978] Replayed CGLMP5.Tensor
warning: CGLMP5/Tensor.lean:46:20: This simp argument is unused:
  TensorProduct.mapL_tmul

Hint: Omit it from the simp argument list.
  [apply] simp [tensorPure]

Note: This linter can be disabled with `set_option linter.unusedSimpArgs false`
warning: CGLMP5/Tensor.lean:56:20: `TensorProduct.induction_on` has been deprecated: Use `TensorProduction.inductionOn` instead
warning: CGLMP5/Tensor.lean:59:21: try 'simp' instead of 'simpa'

Note: This linter can be disabled with `set_option linter.unnecessarySimpa false`
warning: CGLMP5/Tensor.lean:158:22: `TensorProduct.induction_on` has been deprecated: Use `TensorProduction.inductionOn` instead
warning: CGLMP5/Tensor.lean:162:24: `TensorProduct.induction_on` has been deprecated: Use `TensorProduction.inductionOn` instead
warning: CGLMP5/Tensor.lean:196:0: automatically included section variable(s) unused in theorem `CGLMP5.tensorMap_sum_left`:
  [CompleteSpace E]
  [CompleteSpace G]
consider restructuring your `variable` declarations so that the variables are not in scope or explicitly omit them:
  omit [CompleteSpace E] [CompleteSpace G] in theorem ...

Note: This linter can be disabled with `set_option linter.unusedSectionVars false`
warning: CGLMP5/Tensor.lean:203:0: automatically included section variable(s) unused in theorem `CGLMP5.tensorMap_sum_right`:
  [CompleteSpace E]
  [CompleteSpace G]
consider restructuring your `variable` declarations so that the variables are not in scope or explicitly omit them:
  omit [CompleteSpace E] [CompleteSpace G] in theorem ...

Note: This linter can be disabled with `set_option linter.unusedSectionVars false`
⚠ [2794/2978] Replayed CGLMP5.TensorFinite
warning: CGLMP5/TensorFinite.lean:27:8: automatically included section variable(s) unused in theorem `CGLMP5.tensorEuclideanMap_coe`:
  [DecidableEq m]
  [DecidableEq n]
consider restructuring your `variable` declarations so that the variables are not in scope or explicitly omit them:
  omit [DecidableEq m] [DecidableEq n] in theorem ...

Note: This linter can be disabled with `set_option linter.unusedSectionVars false`
warning: CGLMP5/TensorFinite.lean:62:35: `EuclideanSpace.single_apply` has been deprecated: Use `PiLp.single_apply` instead

Note: The updated constant has a different type:
  ∀ (p : ENNReal) (𝕜 : Type u_1) {ι : Type u_2} [inst : DecidableEq ι] [inst_1 : Zero 𝕜] (i : ι) (a : 𝕜) (j : ι),
    (PiLp.single p i a).ofLp j = if j = i then a else 0
instead of
  ∀ {ι : Type u_1} {𝕜 : Type u_3} [inst : RCLike 𝕜] [inst_1 : DecidableEq ι] (i : ι) (a : 𝕜) (j : ι),
    (EuclideanSpace.single i a).ofLp j = if j = i then a else 0

Note: The updated constant is in a different namespace. Dot notation may need to be changed (e.g., from `x.single_apply` to `PiLp.single_apply x`).
warning: CGLMP5/TensorFinite.lean:62:35: This simp argument is unused:
  EuclideanSpace.single_apply

Hint: Omit it from the simp argument list.
  [apply] simp [tensorEuclideanEquiv_pure, ite_and]

Note: This linter can be disabled with `set_option linter.unusedSimpArgs false`
⚠ [2796/2978] Replayed CGLMP5.Events
warning: CGLMP5/Events.lean:89:51: This simp argument is unused:
  mul_assoc

Hint: Omit it from the simp argument list.
  [apply] simp [cglmp, Finset.mul_sum, mul_left_comm, mul_add]

Note: This linter can be disabled with `set_option linter.unusedSimpArgs false`
⚠ [2798/2978] Replayed CGLMP5.Spectral
warning: CGLMP5/Spectral.lean:4:0: 'Mathlib.Data.Complex.Basic' has been deprecated: please replace this import by

import Mathlib.Basic.Complex.Basic
warning: CGLMP5/Spectral.lean:22:8: automatically included section variable(s) unused in theorem `CGLMP5.PVM.eval_one`:
  [StarModule ℂ R]
consider restructuring your `variable` declarations so that the variables are not in scope or explicitly omit them:
  omit [StarModule ℂ R] in theorem ...

Note: This linter can be disabled with `set_option linter.unusedSectionVars false`
warning: CGLMP5/Spectral.lean:25:0: automatically included section variable(s) unused in theorem `CGLMP5.PVM.eval_mul`:
  [StarModule ℂ R]
consider restructuring your `variable` declarations so that the variables are not in scope or explicitly omit them:
  omit [StarModule ℂ R] in theorem ...

Note: This linter can be disabled with `set_option linter.unusedSectionVars false`
warning: CGLMP5/Spectral.lean:27:46: This simp argument is unused:
  smul_mul_assoc

Hint: Omit it from the simp argument list.
  [apply] simp [eval, Finset.sum_mul, Finset.mul_sum, mul_smul_comm, smul_smul, P.mul_eq, smul_ite, Finset.sum_ite_eq',
    Finset.mem_univ, mul_comm]

Note: This linter can be disabled with `set_option linter.unusedSimpArgs false`
warning: CGLMP5/Spectral.lean:27:62: This simp argument is unused:
  mul_smul_comm

Hint: Omit it from the simp argument list.
  [apply] simp [eval, Finset.sum_mul, Finset.mul_sum, smul_mul_assoc, smul_smul, P.mul_eq, smul_ite, Finset.sum_ite_eq',
    Finset.mem_univ, mul_comm]

Note: This linter can be disabled with `set_option linter.unusedSimpArgs false`
warning: CGLMP5/Spectral.lean:31:0: automatically included section variable(s) unused in theorem `CGLMP5.PVM.eval_mul_eval`:
  [StarModule ℂ R]
consider restructuring your `variable` declarations so that the variables are not in scope or explicitly omit them:
  omit [StarModule ℂ R] in theorem ...

Note: This linter can be disabled with `set_option linter.unusedSectionVars false`
warning: CGLMP5/Spectral.lean:40:8: This simp argument is unused:
  smul_mul_assoc

Hint: Omit it from the simp argument list.
  [apply] simp [mul_smul_comm, smul_smul, mul_comm]

Note: This linter can be disabled with `set_option linter.unusedSimpArgs false`
warning: CGLMP5/Spectral.lean:40:24: This simp argument is unused:
  mul_smul_comm

Hint: Omit it from the simp argument list.
  [apply] simp [smul_mul_assoc, smul_smul, mul_comm]

Note: This linter can be disabled with `set_option linter.unusedSimpArgs false`
warning: CGLMP5/Spectral.lean:78:0: automatically included section variable(s) unused in theorem `CGLMP5.PVM.phase_commute`:
  [StarModule ℂ R]
consider restructuring your `variable` declarations so that the variables are not in scope or explicitly omit them:
  omit [StarModule ℂ R] in theorem ...

Note: This linter can be disabled with `set_option linter.unusedSectionVars false`
⚠ [2800/2978] Replayed CGLMP5.BellBridge
warning: CGLMP5/BellBridge.lean:31:8: automatically included section variable(s) unused in theorem `CGLMP5.PVM.reindex_refl`:
  [Algebra ℂ R]
  [StarModule ℂ R]
consider restructuring your `variable` declarations so that the variables are not in scope or explicitly omit them:
  omit [Algebra ℂ R] [StarModule ℂ R] in theorem ...

Note: This linter can be disabled with `set_option linter.unusedSectionVars false`
warning: CGLMP5/BellBridge.lean:106:26: This simp argument is unused:
  Fin.val_zero

Hint: Omit it from the simp argument list.
  [apply] simp only [relabeled, Fin.val_one, ite_true, Nat.one_ne_zero, ite_false, PVM.reindex]

Note: This linter can be disabled with `set_option linter.unusedSimpArgs false`
warning: CGLMP5/BellBridge.lean:106:40: This simp argument is unused:
  Fin.val_one

Hint: Omit it from the simp argument list.
  [apply] simp only [relabeled, Fin.val_zero, ite_true, Nat.one_ne_zero, ite_false, PVM.reindex]

Note: This linter can be disabled with `set_option linter.unusedSimpArgs false`
⚠ [2801/2978] Replayed CGLMP5.AttainmentSpectralLink
warning: CGLMP5/AttainmentSpectralLink.lean:42:61: Used `tac1 <;> tac2` where `(tac1; tac2)` would suffice

Note: This linter can be disabled with `set_option linter.unnecessarySeqFocus false`
warning: CGLMP5/AttainmentSpectralLink.lean:51:61: Used `tac1 <;> tac2` where `(tac1; tac2)` would suffice

Note: This linter can be disabled with `set_option linter.unnecessarySeqFocus false`
warning: CGLMP5/AttainmentSpectralLink.lean:98:18: This simp argument is unused:
  Matrix.one_kronecker_one

Hint: Omit it from the simp argument list.
  [apply] simp

Note: This linter can be disabled with `set_option linter.unusedSimpArgs false`
warning: CGLMP5/AttainmentSpectralLink.lean:104:18: This simp argument is unused:
  Matrix.one_kronecker_one

Hint: Omit it from the simp argument list.
  [apply] simp

Note: This linter can be disabled with `set_option linter.unusedSimpArgs false`
⚠ [3132/3140] Replayed CGLMP5.POVM
warning: CGLMP5/POVM.lean:37:8: automatically included section variable(s) unused in theorem `CGLMP5.sumInl_apply`:
  [CompleteSpace H]
  [CompleteSpace M]
consider restructuring your `variable` declarations so that the variables are not in scope or explicitly omit them:
  omit [CompleteSpace H] [CompleteSpace M] in theorem ...

Note: This linter can be disabled with `set_option linter.unusedSectionVars false`
warning: CGLMP5/POVM.lean:38:8: automatically included section variable(s) unused in theorem `CGLMP5.sumFst_apply`:
  [CompleteSpace H]
  [CompleteSpace M]
consider restructuring your `variable` declarations so that the variables are not in scope or explicitly omit them:
  omit [CompleteSpace H] [CompleteSpace M] in theorem ...

Note: This linter can be disabled with `set_option linter.unusedSectionVars false`
warning: CGLMP5/POVM.lean:39:8: automatically included section variable(s) unused in theorem `CGLMP5.sumSnd_apply`:
  [CompleteSpace H]
  [CompleteSpace M]
consider restructuring your `variable` declarations so that the variables are not in scope or explicitly omit them:
  omit [CompleteSpace H] [CompleteSpace M] in theorem ...

Note: This linter can be disabled with `set_option linter.unusedSectionVars false`
warning: CGLMP5/POVM.lean:57:8: automatically included section variable(s) unused in theorem `CGLMP5.block_apply`:
  [CompleteSpace H]
  [CompleteSpace M]
consider restructuring your `variable` declarations so that the variables are not in scope or explicitly omit them:
  omit [CompleteSpace H] [CompleteSpace M] in theorem ...

Note: This linter can be disabled with `set_option linter.unusedSectionVars false`
warning: CGLMP5/POVM.lean:103:59: This simp argument is unused:
  WithLp.ofLp_toLp

Hint: Omit it from the simp argument list.
  [apply] simp only [defectUnitary_apply, WithLp.prod_inner_apply, inner_add_left, inner_add_right, adjoint_inner_left,
    adjoint_inner_right, hd]

Note: This linter can be disabled with `set_option linter.unusedSimpArgs false`
warning: CGLMP5/POVM.lean:120:13: This simp argument is unused:
  mul_apply

Hint: Omit it from the simp argument list.
  [apply] simp only [defectUnitary_apply, map_add, h₁, h₂, h₃, h₄, add_zero, zero_add, one_apply_eq_self]

Note: This linter can be disabled with `set_option linter.unusedSimpArgs false`
warning: CGLMP5/POVM.lean:121:4: This simp argument is unused:
  one_apply_eq_self

Hint: Omit it from the simp argument list.
  [apply] simp only [mul_apply, defectUnitary_apply, map_add, h₁, h₂, h₃, h₄, add_zero, zero_add]

Note: This linter can be disabled with `set_option linter.unusedSimpArgs false`
⚠ [3133/3140] Replayed CGLMP5.POVMConstruction
warning: CGLMP5/POVMConstruction.lean:79:8: automatically included section variable(s) unused in theorem `CGLMP5.coordInl_apply`:
  [CompleteSpace H]
consider restructuring your `variable` declarations so that the variables are not in scope or explicitly omit them:
  omit [CompleteSpace H] in theorem ...

Note: This linter can be disabled with `set_option linter.unusedSectionVars false`
warning: CGLMP5/POVMConstruction.lean:98:8: automatically included section variable(s) unused in theorem `CGLMP5.coordProjection_apply`:
  [CompleteSpace H]
consider restructuring your `variable` declarations so that the variables are not in scope or explicitly omit them:
  omit [CompleteSpace H] in theorem ...

Note: This linter can be disabled with `set_option linter.unusedSectionVars false`
warning: CGLMP5/POVMConstruction.lean:108:0: automatically included section variable(s) unused in theorem `CGLMP5.coordProjection_mul`:
  [CompleteSpace H]
consider restructuring your `variable` declarations so that the variables are not in scope or explicitly omit them:
  omit [CompleteSpace H] in theorem ...

Note: This linter can be disabled with `set_option linter.unusedSectionVars false`
warning: CGLMP5/POVMConstruction.lean:120:8: automatically included section variable(s) unused in theorem `CGLMP5.coordProjection_apply_apply`:
  [CompleteSpace H]
consider restructuring your `variable` declarations so that the variables are not in scope or explicitly omit them:
  omit [CompleteSpace H] in theorem ...

Note: This linter can be disabled with `set_option linter.unusedSectionVars false`
warning: CGLMP5/POVMConstruction.lean:140:8: automatically included section variable(s) unused in theorem `CGLMP5.commonCoordinate_apply`:
  [CompleteSpace H]
consider restructuring your `variable` declarations so that the variables are not in scope or explicitly omit them:
  omit [CompleteSpace H] in theorem ...

Note: This linter can be disabled with `set_option linter.unusedSectionVars false`
warning: CGLMP5/POVMConstruction.lean:174:15: `if_neg` has been deprecated: Use `ite_eq_right` instead
⚠ [3136/3140] Replayed CGLMP5.POVMTransfer
warning: CGLMP5/POVMTransfer.lean:24:0: automatically included section variable(s) unused in theorem `CGLMP5.cglmp_eq_expect_bell`:
  [CompleteSpace H]
  [CompleteSpace K]
consider restructuring your `variable` declarations so that the variables are not in scope or explicitly omit them:
  omit [CompleteSpace H] [CompleteSpace K] in theorem ...

Note: This linter can be disabled with `set_option linter.unusedSectionVars false`
warning: CGLMP5/POVMTransfer.lean:28:20: This simp argument is unused:
  Complex.div_re

Hint: Omit it from the simp argument list.
  [apply] simp [cglmp, jointProbability, bellOperator, State.expect, map_sum, map_smul, Complex.mul_re, Complex.div_im]

Note: This linter can be disabled with `set_option linter.unusedSimpArgs false`
warning: CGLMP5/POVMTransfer.lean:28:36: This simp argument is unused:
  Complex.div_im

Hint: Omit it from the simp argument list.
  [apply] simp [cglmp, jointProbability, bellOperator, State.expect, map_sum, map_smul, Complex.mul_re, Complex.div_re]

Note: This linter can be disabled with `set_option linter.unusedSimpArgs false`
✔ [3140/3140] Built CGLMP5.Attainment (26s)
Build completed successfully (3140 jobs).
